 RtspWriteToFile

 Timestamp is 5b8548c4 (Tue Aug 28 17:06:12 2018)

 Preferred load address is 0000000180000000

 Start         Length     Name                   Class
 0001:00000000 0000150fH .text                   CODE
 0001:00001510 0000113cH .text$di                CODE
 0001:00002650 0000a5feH .text$mn                CODE
 0001:0000cc50 000013fcH .text$x                 CODE
 0001:0000e050 00001092H .text$yd                CODE
 0002:00000000 00000109H .CRT$XCA                DATA
 0002:00000110 00000146H .CRT$XCU                DATA
 0002:00000258 00000109H .CRT$XCZ                DATA
 0002:00000368 00000109H .CRT$XIA                DATA
 0002:00000478 00000109H .CRT$XIAA               DATA
 0002:00000588 00000109H .CRT$XIC                DATA
 0002:00000698 00000109H .CRT$XIZ                DATA
 0002:000007b0 00002348H .rdata                  DATA
 0002:00002af8 00000194H .rdata$debug            DATA
 0002:00002c90 000005a1H .rdata$r                DATA
 0002:00003238 00000109H .rtc$IAA                DATA
 0002:00003348 00000151H .rtc$IMZ                DATA
 0002:000034a0 00000109H .rtc$IZZ                DATA
 0002:000035b0 00000109H .rtc$TAA                DATA
 0002:000036c0 00000151H .rtc$TMZ                DATA
 0002:00003818 00000109H .rtc$TZZ                DATA
 0002:00003930 00000ee0H .xdata                  DATA
 0002:00004810 00000170H .edata                  DATA
 0003:00000000 00000143H .data                   DATA
 0003:00000148 000002a6H .data$r                 DATA
 0003:000003f0 00000648H .bss                    DATA
 0004:00000000 00000a08H .pdata                  DATA
 0005:00000000 00000630H .idata$5                DATA
 0005:00000630 00000078H .idata$2                DATA
 0005:000006a8 00000014H .idata$3                DATA
 0005:000006c0 00000630H .idata$4                DATA
 0005:00000cf0 00001001H .idata$6                DATA
 0005:00001cf4 000000e4H .idata$7                DATA
 0006:00000000 00000169H .rsrc$01                DATA
 0006:00000170 000002ccH .rsrc$02                DATA

  Address         Publics by Value              Rva+Base               Lib:Object

 0000:00000000       __guard_fids_count         0000000000000000     <absolute>
 0000:00000000       ___safe_se_handler_table   0000000000000000     <absolute>
 0000:00000000       ___safe_se_handler_count   0000000000000000     <absolute>
 0000:00000000       __guard_flags              0000000000000000     <absolute>
 0000:00000000       __guard_fids_table         0000000000000000     <absolute>
 0000:00000000       __ImageBase                0000000180000000     <linker-defined>
 0001:00000530       avio_open                  0000000180001530     avformat:dogeds00126.o
 0001:00000538       avio_closep                0000000180001538     avformat:dogeds00114.o
 0001:00000540       avformat_network_init      0000000180001540     avformat:dogeds00099.o
 0001:00000548       avformat_free_context      0000000180001548     avformat:dogeds00089.o
 0001:00000550       avformat_new_stream        0000000180001550     avformat:dogeds00100.o
 0001:00000558       avformat_alloc_output_context2 0000000180001558     avformat:dogeds00084.o
 0001:00000560       av_find_input_format       0000000180001560     avformat:dogeds00012.o
 0001:00000568       avformat_open_input        0000000180001568     avformat:dogeds00101.o
 0001:00000570       avformat_find_stream_info  0000000180001570     avformat:dogeds00087.o
 0001:00000578       av_read_frame              0000000180001578     avformat:dogeds00060.o
 0001:00000580       avformat_close_input       0000000180001580     avformat:dogeds00085.o
 0001:00000588       avformat_write_header      0000000180001588     avformat:dogeds00107.o
 0001:00000590       av_write_trailer           0000000180001590     avformat:dogeds00080.o
 0001:00000598       av_guess_format            0000000180001598     avformat:dogeds00039.o
 0001:000005a0       av_dump_format             00000001800015a0     avformat:dogeds00008.o
 0001:000005a8       avio_close                 00000001800015a8     avformat:dogeds00111.o
 0001:000005b0       avformat_alloc_context     00000001800015b0     avformat:dogeds00083.o
 0001:000005b8       av_interleaved_write_frame 00000001800015b8     avformat:dogeds00046.o
 0001:000005c0       av_write_frame             00000001800015c0     avformat:dogeds00079.o
 0001:000005c8       av_sdp_create              00000001800015c8     avformat:dogeds00066.o
 0001:000005d0       avcodec_parameters_copy    00000001800015d0     avcodec:dcdeds00174.o
 0001:000005d8       av_packet_unref            00000001800015d8     avcodec:dcdeds00102.o
 0001:000005e0       avcodec_find_encoder       00000001800015e0     avcodec:dcdeds00156.o
 0001:000005e8       avcodec_alloc_context3     00000001800015e8     avcodec:dcdeds00128.o
 0001:000005f0       avcodec_open2              00000001800015f0     avcodec:dcdeds00172.o
 0001:000005f8       avcodec_close              00000001800015f8     avcodec:dcdeds00130.o
 0001:00000600       av_init_packet             0000000180001600     avcodec:dcdeds00070.o
 0001:00000608       av_free_packet             0000000180001608     avcodec:dcdeds00058.o
 0001:00000610       av_packet_rescale_ts       0000000180001610     avcodec:dcdeds00097.o
 0001:00000618       avcodec_encode_video2      0000000180001618     avcodec:dcdeds00148.o
 0001:00000620       av_packet_alloc            0000000180001620     avcodec:dcdeds00083.o
 0001:00000628       av_packet_free             0000000180001628     avcodec:dcdeds00086.o
 0001:00000630       av_strerror                0000000180001630     avutil:dlcdds00447.o
 0001:00000638       av_dict_set                0000000180001638     avutil:dlcdds00110.o
 0001:00000640       av_dict_set_int            0000000180001640     avutil:dlcdds00111.o
 0001:00000648       av_dict_free               0000000180001648     avutil:dlcdds00106.o
 0001:00000650       av_opt_set                 0000000180001650     avutil:dlcdds00364.o
 0001:00000658       av_free                    0000000180001658     avutil:dlcdds00203.o
 0001:00000660       av_freep                   0000000180001660     avutil:dlcdds00204.o
 0001:00000668       av_frame_alloc             0000000180001668     avutil:dlcdds00161.o
 0001:00000670       av_frame_free              0000000180001670     avutil:dlcdds00166.o
 0001:00000678       av_frame_make_writable     0000000180001678     avutil:dlcdds00183.o
 0001:00000680       av_image_alloc             0000000180001680     avutil:dlcdds00274.o
 0001:00000688       av_rescale_q               0000000180001688     avutil:dlcdds00408.o
 0001:00000690       av_rescale_q_rnd           0000000180001690     avutil:dlcdds00409.o
 0001:00002650       ?setup@CBaseRtsp@@IEAAXXZ  0000000180003650 f   CBaseRtsp.obj
 0001:00002680       ?open_input@CBaseRtsp@@IEAAPEAUVSInput@@QEBD0_N@Z 0000000180003680 f   CBaseRtsp.obj
 0001:000028e0       ?open_output@CBaseRtsp@@IEAAPEAUVSOutput@@QEBD0QEBUVSInput@@_N@Z 00000001800038e0 f   CBaseRtsp.obj
 0001:00002e50       ?read_packet@CBaseRtsp@@IEAAHPEBUVSInput@@QEAUAVPacket@@_N@Z 0000000180003e50 f   CBaseRtsp.obj
 0001:00002f50       ?destroy_input@CBaseRtsp@@IEAAXQEAUVSInput@@@Z 0000000180003f50 f   CBaseRtsp.obj
 0001:00002fc0       ?destroy_output@CBaseRtsp@@IEAAXQEAUVSOutput@@@Z 0000000180003fc0 f   CBaseRtsp.obj
 0001:00003060       ?get_ffmpeg_message@CBaseRtsp@@IEAAPEADH@Z 0000000180004060 f   CBaseRtsp.obj
 0001:000030d0       ??0CBaseRtsp@@QEAA@PEAD@Z  00000001800040d0 f   CBaseRtsp.obj
 0001:00003110       ??1CBaseRtsp@@UEAA@XZ      0000000180004110 f   CBaseRtsp.obj
 0001:000033e0       ??_GCBaseRtsp@@UEAAPEAXI@Z 00000001800043e0 f i CBaseRtsp.obj
 0001:000033e0       ??_ECBaseRtsp@@UEAAPEAXI@Z 00000001800043e0 f i CBaseRtsp.obj
 0001:00003440       ??0Encoder@@QEAA@HHPEBD@Z  0000000180004440 f   Encoder.obj
 0001:00003900       ??1Encoder@@QEAA@XZ        0000000180004900 f   Encoder.obj
 0001:000039f0       ?write@Encoder@@QEAAHPEAUAVFrame@@@Z 00000001800049f0 f   Encoder.obj
 0001:00003b60       ?video_encode_example@Encoder@@QEAAXPEBDW4AVCodecID@@@Z 0000000180004b60 f   Encoder.obj
 0001:00004610       ??$?6U?$char_traits@D@std@@@std@@YAAEAV?$basic_ostream@DU?$char_traits@D@std@@@0@AEAV10@PEBD@Z 0000000180005610 f i Encoder.obj
 0001:00004b30       ??$_Allocate@D@std@@YAPEAD_KPEAD@Z 0000000180005b30 f i Encoder.obj
 0001:00004bb0       ??$_Allocate@U_Container_proxy@std@@@std@@YAPEAU_Container_proxy@0@_KPEAU10@@Z 0000000180005bb0 f i Encoder.obj
 0001:00004c40       ??$_Debug_pointer@D@std@@YAXPEBDPEB_WI@Z 0000000180005c40 f i Encoder.obj
 0001:00004ca0       ??$addressof@D@std@@YAPEADAEAD@Z 0000000180005ca0 f i Encoder.obj
 0001:00004cb0       ??$construct@PEADAEAPEAD@?$_Wrap_alloc@V?$allocator@D@std@@@std@@QEAAXPEAPEADAEAPEAD@Z 0000000180005cb0 f i Encoder.obj
 0001:00004d10       ??$construct@PEADAEAPEAD@?$allocator@D@std@@QEAAXPEAPEADAEAPEAD@Z 0000000180005d10 f i Encoder.obj
 0001:00004dc0       ??$construct@PEADAEAPEAD@?$allocator_traits@V?$allocator@D@std@@@std@@SAXAEAV?$allocator@D@1@PEAPEADAEAPEAD@Z 0000000180005dc0 f i Encoder.obj
 0001:00004e20       ??$construct@U_Container_proxy@std@@U12@@?$allocator@U_Container_proxy@std@@@std@@QEAAXPEAU_Container_proxy@1@$$QEAU21@@Z 0000000180005e20 f i Encoder.obj
 0001:00004ed0       ??$destroy@PEAD@?$_Wrap_alloc@V?$allocator@D@std@@@std@@QEAAXPEAPEAD@Z 0000000180005ed0 f i Encoder.obj
 0001:00004f20       ??$destroy@PEAD@?$allocator@D@std@@QEAAXPEAPEAD@Z 0000000180005f20 f i Encoder.obj
 0001:00004f30       ??$destroy@PEAD@?$allocator_traits@V?$allocator@D@std@@@std@@SAXAEAV?$allocator@D@1@PEAPEAD@Z 0000000180005f30 f i Encoder.obj
 0001:00004f80       ??$destroy@U_Container_proxy@std@@@?$allocator@U_Container_proxy@std@@@std@@QEAAXPEAU_Container_proxy@1@@Z 0000000180005f80 f i Encoder.obj
 0001:00004f90       ??$endl@DU?$char_traits@D@std@@@std@@YAAEAV?$basic_ostream@DU?$char_traits@D@std@@@0@AEAV10@@Z 0000000180005f90 f i Encoder.obj
 0001:00005010       ??$forward@AEAPEAD@std@@YAAEAPEADAEAPEAD@Z 0000000180006010 f i Encoder.obj
 0001:00005020       ??$forward@U_Container_proxy@std@@@std@@YA$$QEAU_Container_proxy@0@AEAU10@@Z 0000000180006020 f i Encoder.obj
 0001:00005030       ??0?$_String_alloc@$0A@U?$_String_base_types@DV?$allocator@D@std@@@std@@@std@@QEAA@AEBV?$allocator@D@1@@Z 0000000180006030 f i Encoder.obj
 0001:00005090       ??0?$_String_val@U?$_Simple_types@D@std@@@std@@QEAA@XZ 0000000180006090 f i Encoder.obj
 0001:00005100       ??0?$_Wrap_alloc@V?$allocator@D@std@@@std@@QEAA@XZ 0000000180006100 f i Encoder.obj
 0001:00005140       ??0?$allocator@D@std@@QEAA@XZ 0000000180006140 f i Encoder.obj
 0001:00005150       ??0?$allocator@U_Container_proxy@std@@@std@@QEAA@XZ 0000000180006150 f i Encoder.obj
 0001:00005160       ??0?$basic_string@DU?$char_traits@D@std@@V?$allocator@D@2@@std@@QEAA@PEBD@Z 0000000180006160 f i Encoder.obj
 0001:000051f0       ??0_Container_proxy@std@@QEAA@XZ 00000001800061f0 f i Encoder.obj
 0001:00005220       ??0_Generic_error_category@std@@QEAA@XZ 0000000180006220 f i Encoder.obj
 0001:00005280       ??0_Iostream_error_category@std@@QEAA@XZ 0000000180006280 f i Encoder.obj
 0001:000052e0       ??0_Sentry_base@?$basic_ostream@DU?$char_traits@D@std@@@std@@QEAA@AEAV12@@Z 00000001800062e0 f i Encoder.obj
 0001:000053c0       ??0_System_error_category@std@@QEAA@XZ 00000001800063c0 f i Encoder.obj
 0001:00005420       ??0error_category@std@@QEAA@XZ 0000000180006420 f i Encoder.obj
 0001:00005450       ??0error_condition@std@@QEAA@HAEBVerror_category@1@@Z 0000000180006450 f i Encoder.obj
 0001:00005490       ??0sentry@?$basic_ostream@DU?$char_traits@D@std@@@std@@QEAA@AEAV12@@Z 0000000180006490 f i Encoder.obj
 0001:000055e0       ??1?$_String_alloc@$0A@U?$_String_base_types@DV?$allocator@D@std@@@std@@@std@@QEAA@XZ 00000001800065e0 f i Encoder.obj
 0001:00005630       ??1?$_String_val@U?$_Simple_types@D@std@@@std@@QEAA@XZ 0000000180006630 f i Encoder.obj
 0001:00005670       ??1_Generic_error_category@std@@UEAA@XZ 0000000180006670 f i Encoder.obj
 0001:000056b0       ??1_Iostream_error_category@std@@UEAA@XZ 00000001800066b0 f i Encoder.obj
 0001:000056f0       ??1_Sentry_base@?$basic_ostream@DU?$char_traits@D@std@@@std@@QEAA@XZ 00000001800066f0 f i Encoder.obj
 0001:000057b0       ??1_System_error_category@std@@UEAA@XZ 00000001800067b0 f i Encoder.obj
 0001:000057f0       ??1error_category@std@@UEAA@XZ 00000001800067f0 f i Encoder.obj
 0001:00005810       ??1sentry@?$basic_ostream@DU?$char_traits@D@std@@@std@@QEAA@XZ 0000000180006810 f i Encoder.obj
 0001:00005870       ??2@YAPEAX_KPEAX@Z         0000000180006870 f i Encoder.obj
 0001:00005890       ??3@YAXPEAX0@Z             0000000180006890 f i Encoder.obj
 0001:000058a0       ??8error_category@std@@QEBA_NAEBV01@@Z 00000001800068a0 f i Encoder.obj
 0001:00005900       ??8error_condition@std@@QEBA_NAEBV01@@Z 0000000180006900 f i Encoder.obj
 0001:000059c0       ??Bsentry@?$basic_ostream@DU?$char_traits@D@std@@@std@@QEBA_NXZ 00000001800069c0 f i Encoder.obj
 0001:000059e0       ??_G_Generic_error_category@std@@UEAAPEAXI@Z 00000001800069e0 f i Encoder.obj
 0001:000059e0       ??_E_Generic_error_category@std@@UEAAPEAXI@Z 00000001800069e0 f i Encoder.obj
 0001:00005a40       ??_G_Iostream_error_category@std@@UEAAPEAXI@Z 0000000180006a40 f i Encoder.obj
 0001:00005a40       ??_E_Iostream_error_category@std@@UEAAPEAXI@Z 0000000180006a40 f i Encoder.obj
 0001:00005aa0       ??_G_System_error_category@std@@UEAAPEAXI@Z 0000000180006aa0 f i Encoder.obj
 0001:00005aa0       ??_E_System_error_category@std@@UEAAPEAXI@Z 0000000180006aa0 f i Encoder.obj
 0001:00005b00       ??_Eerror_category@std@@UEAAPEAXI@Z 0000000180006b00 f i Encoder.obj
 0001:00005b00       ??_Gerror_category@std@@UEAAPEAXI@Z 0000000180006b00 f i Encoder.obj
 0001:00005b60       ?_Alloc_proxy@?$_String_alloc@$0A@U?$_String_base_types@DV?$allocator@D@std@@@std@@@std@@QEAAXXZ 0000000180006b60 f i Encoder.obj
 0001:00005c10       ?_Copy@?$basic_string@DU?$char_traits@D@std@@V?$allocator@D@2@@std@@QEAAX_K0@Z 0000000180006c10 f i Encoder.obj
 0001:00005eb0       ?_Eos@?$basic_string@DU?$char_traits@D@std@@V?$allocator@D@2@@std@@QEAAX_K@Z 0000000180006eb0 f i Encoder.obj
 0001:00005f20       ?_Free_proxy@?$_String_alloc@$0A@U?$_String_base_types@DV?$allocator@D@std@@@std@@@std@@QEAAXXZ 0000000180006f20 f i Encoder.obj
 0001:00005fc0       ?_Getal@?$_String_alloc@$0A@U?$_String_base_types@DV?$allocator@D@std@@@std@@@std@@QEBA?AU?$_Wrap_alloc@V?$allocator@D@std@@@2@XZ 0000000180006fc0 f i Encoder.obj
 0001:00006010       ?_Grow@?$basic_string@DU?$char_traits@D@std@@V?$allocator@D@2@@std@@QEAA_N_K_N@Z 0000000180007010 f i Encoder.obj
 0001:00006150       ?_Inside@?$basic_string@DU?$char_traits@D@std@@V?$allocator@D@2@@std@@QEAA_NPEBD@Z 0000000180007150 f i Encoder.obj
 0001:000061d0       ?_Myptr@?$_String_val@U?$_Simple_types@D@std@@@std@@QEAAPEADXZ 00000001800071d0 f i Encoder.obj
 0001:00006240       ?_Myptr@?$_String_val@U?$_Simple_types@D@std@@@std@@QEBAPEBDXZ 0000000180007240 f i Encoder.obj
 0001:000062b0       ?_Tidy@?$basic_string@DU?$char_traits@D@std@@V?$allocator@D@2@@std@@QEAAX_N_K@Z 00000001800072b0 f i Encoder.obj
 0001:000063f0       ?_Xlen@?$basic_string@DU?$char_traits@D@std@@V?$allocator@D@2@@std@@QEBAXXZ 00000001800073f0 f i Encoder.obj
 0001:00006430       ?_Xran@?$basic_string@DU?$char_traits@D@std@@V?$allocator@D@2@@std@@QEBAXXZ 0000000180007430 f i Encoder.obj
 0001:00006470       ?allocate@?$_Wrap_alloc@V?$allocator@D@std@@@std@@QEAAPEAD_K@Z 0000000180007470 f i Encoder.obj
 0001:000064c0       ?allocate@?$allocator@D@std@@QEAAPEAD_K@Z 00000001800074c0 f i Encoder.obj
 0001:00006510       ?allocate@?$allocator@U_Container_proxy@std@@@std@@QEAAPEAU_Container_proxy@2@_K@Z 0000000180007510 f i Encoder.obj
 0001:00006560       ?assign@?$basic_string@DU?$char_traits@D@std@@V?$allocator@D@2@@std@@QEAAAEAV12@AEBV12@_K1@Z 0000000180007560 f i Encoder.obj
 0001:000066c0       ?assign@?$basic_string@DU?$char_traits@D@std@@V?$allocator@D@2@@std@@QEAAAEAV12@PEBD@Z 00000001800076c0 f i Encoder.obj
 0001:00006740       ?assign@?$basic_string@DU?$char_traits@D@std@@V?$allocator@D@2@@std@@QEAAAEAV12@PEBD_K@Z 0000000180007740 f i Encoder.obj
 0001:00006850       ?assign@?$char_traits@D@std@@SAXAEADAEBD@Z 0000000180007850 f i Encoder.obj
 0001:00006880       ?category@error_code@std@@QEBAAEBVerror_category@2@XZ 0000000180007880 f i Encoder.obj
 0001:000068a0       ?category@error_condition@std@@QEBAAEBVerror_category@2@XZ 00000001800078a0 f i Encoder.obj
 0001:000068c0       ?copy@?$char_traits@D@std@@SAPEADPEADPEBD_K@Z 00000001800078c0 f i Encoder.obj
 0001:00006940       ?deallocate@?$_Wrap_alloc@V?$allocator@D@std@@@std@@QEAAXPEAD_K@Z 0000000180007940 f i Encoder.obj
 0001:000069a0       ?deallocate@?$allocator@D@std@@QEAAXPEAD_K@Z 00000001800079a0 f i Encoder.obj
 0001:000069f0       ?deallocate@?$allocator@U_Container_proxy@std@@@std@@QEAAXPEAU_Container_proxy@2@_K@Z 00000001800079f0 f i Encoder.obj
 0001:00006a40       ?default_error_condition@_System_error_category@std@@UEBA?AVerror_condition@2@H@Z 0000000180007a40 f i Encoder.obj
 0001:00006ae0       ?default_error_condition@error_category@std@@UEBA?AVerror_condition@2@H@Z 0000000180007ae0 f i Encoder.obj
 0001:00006b40       ?eof@?$char_traits@D@std@@SAHXZ 0000000180007b40 f i Encoder.obj
 0001:00006b50       ?eq_int_type@?$char_traits@D@std@@SA_NAEBH0@Z 0000000180007b50 f i Encoder.obj
 0001:00006bb0       ?equivalent@error_category@std@@UEBA_NAEBVerror_code@2@H@Z 0000000180007bb0 f i Encoder.obj
 0001:00006c40       ?equivalent@error_category@std@@UEBA_NHAEBVerror_condition@2@@Z 0000000180007c40 f i Encoder.obj
 0001:00006cb0       ?erase@?$basic_string@DU?$char_traits@D@std@@V?$allocator@D@2@@std@@QEAAAEAV12@_K0@Z 0000000180007cb0 f i Encoder.obj
 0001:00006dd0       ?erase@?$basic_string@DU?$char_traits@D@std@@V?$allocator@D@2@@std@@QEAAAEAV12@_K@Z 0000000180007dd0 f i Encoder.obj
 0001:00006e40       ?generic_category@std@@YAAEBVerror_category@1@XZ 0000000180007e40 f i Encoder.obj
 0001:00006e50       ?length@?$char_traits@D@std@@SA_KPEBD@Z 0000000180007e50 f i Encoder.obj
 0001:00006ec0       ?max_size@?$_Wrap_alloc@V?$allocator@D@std@@@std@@QEBA_KXZ 0000000180007ec0 f i Encoder.obj
 0001:00006f00       ?max_size@?$allocator@D@std@@QEBA_KXZ 0000000180007f00 f i Encoder.obj
 0001:00006f20       ?max_size@?$allocator_traits@V?$allocator@D@std@@@std@@SA_KAEBV?$allocator@D@2@@Z 0000000180007f20 f i Encoder.obj
 0001:00006f60       ?max_size@?$basic_string@DU?$char_traits@D@std@@V?$allocator@D@2@@std@@QEBA_KXZ 0000000180007f60 f i Encoder.obj
 0001:00006fe0       ?message@_Generic_error_category@std@@UEBA?AV?$basic_string@DU?$char_traits@D@std@@V?$allocator@D@2@@2@H@Z 0000000180007fe0 f i Encoder.obj
 0001:00007090       ?message@_Iostream_error_category@std@@UEBA?AV?$basic_string@DU?$char_traits@D@std@@V?$allocator@D@2@@2@H@Z 0000000180008090 f i Encoder.obj
 0001:00007140       ?message@_System_error_category@std@@UEBA?AV?$basic_string@DU?$char_traits@D@std@@V?$allocator@D@2@@2@H@Z 0000000180008140 f i Encoder.obj
 0001:000071f0       ?move@?$char_traits@D@std@@SAPEADPEADPEBD_K@Z 00000001800081f0 f i Encoder.obj
 0001:00007270       ?name@_Generic_error_category@std@@UEBAPEBDXZ 0000000180008270 f i Encoder.obj
 0001:00007290       ?name@_Iostream_error_category@std@@UEBAPEBDXZ 0000000180008290 f i Encoder.obj
 0001:000072b0       ?name@_System_error_category@std@@UEBAPEBDXZ 00000001800082b0 f i Encoder.obj
 0001:000072d0       ?size@?$basic_string@DU?$char_traits@D@std@@V?$allocator@D@2@@std@@QEBA_KXZ 00000001800082d0 f i Encoder.obj
 0001:000072f0       ?system_category@std@@YAAEBVerror_category@1@XZ 00000001800082f0 f i Encoder.obj
 0001:00007300       ?value@error_code@std@@QEBAHXZ 0000000180008300 f i Encoder.obj
 0001:00007320       ?value@error_condition@std@@QEBAHXZ 0000000180008320 f i Encoder.obj
 0001:00007340       hypot                      0000000180008340 f i Encoder.obj
 0001:00007390       Record                     0000000180008390 f   CMain.obj
 0001:00007470       Online                     0000000180008470 f   CMain.obj
 0001:000075c0       ?write_packet@CRtspOnline@@IEAAHQEBUVSInput@@P6AXPEAEH@ZQEAUAVPacket@@_N@Z 00000001800085c0 f   CRtspOnline.obj
 0001:000076d0       ?write_packet2@CRtspOnline@@IEAAHQEBUVSInput@@QEAUVSOutput@@QEAUAVPacket@@_N@Z 00000001800086d0 f   CRtspOnline.obj
 0001:00007b30       ??0CRtspOnline@@QEAA@PEADP6AXPEAEH@Z@Z 0000000180008b30 f   CRtspOnline.obj
 0001:00007ba0       ??1CRtspOnline@@UEAA@XZ    0000000180008ba0 f   CRtspOnline.obj
 0001:00007bf0       ?Start@CRtspOnline@@UEAAHXZ 0000000180008bf0 f   CRtspOnline.obj
 0001:00008040       ??_ECRtspOnline@@UEAAPEAXI@Z 0000000180009040 f i CRtspOnline.obj
 0001:00008040       ??_GCRtspOnline@@UEAAPEAXI@Z 0000000180009040 f i CRtspOnline.obj
 0001:000080a0       ?write_packet@CRtspRecorder@@IEAAHQEBUVSInput@@QEAUVSOutput@@QEAUAVPacket@@_N@Z 00000001800090a0 f   CRtspRecorder.obj
 0001:00008500       ??0CRtspRecorder@@QEAA@PEAD0@Z 0000000180009500 f   CRtspRecorder.obj
 0001:00008570       ??1CRtspRecorder@@UEAA@XZ  0000000180009570 f   CRtspRecorder.obj
 0001:000085c0       ?Start@CRtspRecorder@@UEAAHXZ 00000001800095c0 f   CRtspRecorder.obj
 0001:000088a0       ??_GCRtspRecorder@@UEAAPEAXI@Z 00000001800098a0 f i CRtspRecorder.obj
 0001:000088a0       ??_ECRtspRecorder@@UEAAPEAXI@Z 00000001800098a0 f i CRtspRecorder.obj
 0001:00008900       _purecall                  0000000180009900 f   MSVCRTD:MSVCR120D.dll
 0001:00008906       ??2@YAPEAX_K@Z             0000000180009906 f   MSVCRTD:MSVCR120D.dll
 0001:0000890c       ??3@YAXPEAX@Z              000000018000990c f   MSVCRTD:MSVCR120D.dll
 0001:00008912       _errno                     0000000180009912 f   MSVCRTD:MSVCR120D.dll
 0001:00008918       printf                     0000000180009918 f   MSVCRTD:MSVCR120D.dll
 0001:0000891e       calloc                     000000018000991e f   MSVCRTD:MSVCR120D.dll
 0001:00008924       free                       0000000180009924 f   MSVCRTD:MSVCR120D.dll
 0001:0000892a       memset                     000000018000992a f   MSVCRTD:MSVCR120D.dll
 0001:00008930       strlen                     0000000180009930 f   MSVCRTD:MSVCR120D.dll
 0001:00008936       strerror                   0000000180009936 f   MSVCRTD:MSVCR120D.dll
 0001:00008940       _RTC_AllocaHelper          0000000180009940 f   MSVCRTD:stack.obj
 0001:00008980       _RTC_CheckStackVars        0000000180009980 f   MSVCRTD:stack.obj
 0001:00008a10       _RTC_CheckStackVars2       0000000180009a10 f   MSVCRTD:stack.obj
 0001:00008b20       _RTC_InitBase              0000000180009b20 f   MSVCRTD:init.obj
 0001:00008b60       _RTC_Shutdown              0000000180009b60 f   MSVCRTD:init.obj
 0001:00008b90       ??0type_info@@AEAA@AEBV0@@Z 0000000180009b90 f   MSVCRTD:ti_inst.obj
 0001:00008bb0       ??4type_info@@AEAAAEAV0@AEBV0@@Z 0000000180009bb0 f   MSVCRTD:ti_inst.obj
 0001:00008bc0       ??_Etype_info@@UEAAPEAXI@Z 0000000180009bc0 f i MSVCRTD:ti_inst.obj
 0001:00008c50       __atonexitinit             0000000180009c50 f   MSVCRTD:atonexit.obj
 0001:00008d40       _onexit                    0000000180009d40 f   MSVCRTD:atonexit.obj
 0001:00008e10       atexit                     0000000180009e10 f   MSVCRTD:atonexit.obj
 0001:00008e44       __iob_func                 0000000180009e44 f   MSVCRTD:MSVCR120D.dll
 0001:00008e4a       fclose                     0000000180009e4a f   MSVCRTD:MSVCR120D.dll
 0001:00008e50       fflush                     0000000180009e50 f   MSVCRTD:MSVCR120D.dll
 0001:00008e56       fopen                      0000000180009e56 f   MSVCRTD:MSVCR120D.dll
 0001:00008e5c       fprintf                    0000000180009e5c f   MSVCRTD:MSVCR120D.dll
 0001:00008e62       fwrite                     0000000180009e62 f   MSVCRTD:MSVCR120D.dll
 0001:00008e68       _hypot                     0000000180009e68 f   MSVCRTD:MSVCR120D.dll
 0001:00008e6e       exit                       0000000180009e6e f   MSVCRTD:MSVCR120D.dll
 0001:00008e74       memcpy                     0000000180009e74 f   MSVCRTD:MSVCR120D.dll
 0001:00008e7a       memmove                    0000000180009e7a f   MSVCRTD:MSVCR120D.dll
 0001:00008e80       _CxxThrowException         0000000180009e80 f   MSVCRTD:MSVCR120D.dll
 0001:00008e86       __CxxFrameHandler3         0000000180009e86 f   MSVCRTD:MSVCR120D.dll
 0001:00008e8c       fopen_s                    0000000180009e8c f   MSVCRTD:MSVCR120D.dll
 0001:00008e92       system                     0000000180009e92 f   MSVCRTD:MSVCR120D.dll
 0001:00008ea0       __GSHandlerCheck           0000000180009ea0 f   MSVCRTD:gshandler.obj
 0001:00008ee0       __GSHandlerCheckCommon     0000000180009ee0 f   MSVCRTD:gshandler.obj
 0001:00008ff0       _alloca_probe              0000000180009ff0 f   MSVCRTD:chkstk.obj
 0001:00008ff0       __chkstk                   0000000180009ff0 f   MSVCRTD:chkstk.obj
 0001:00009050       __security_check_cookie    000000018000a050 f   MSVCRTD:amdsecgs.obj
 0001:00009100       NtCurrentTeb               000000018000a100 f i MSVCRTD:crtdll.obj
 0001:00009110       _CRT_INIT                  000000018000a110 f   MSVCRTD:crtdll.obj
 0001:000094c0       _DllMainCRTStartup         000000018000a4c0 f   MSVCRTD:crtdll.obj
 0001:00009720       ?_RTC_AllocaFailure@@YAXPEAXPEAU_RTC_ALLOCA_NODE@@H@Z 000000018000a720 f   MSVCRTD:error.obj
 0001:000098e0       ?_RTC_Failure@@YAXPEAXH@Z  000000018000a8e0 f   MSVCRTD:error.obj
 0001:00009930       ?_RTC_StackFailure@@YAXPEAXPEBD@Z 000000018000a930 f   MSVCRTD:error.obj
 0001:00009d90       _RTC_UninitUse             000000018000ad90 f   MSVCRTD:error.obj
 0001:00009eb0       ?_RTC_GetErrorFunc@@YAP6AHHPEBDH00ZZPEBX@Z 000000018000aeb0 f   MSVCRTD:userapi.obj
 0001:00009ec0       ?_RTC_GetErrorFuncW@@YAP6AHHPEB_WH00ZZPEBX@Z 000000018000aec0 f   MSVCRTD:userapi.obj
 0001:00009ed0       _RTC_GetErrDesc            000000018000aed0 f   MSVCRTD:userapi.obj
 0001:00009ef0       _RTC_NumErrors             000000018000aef0 f   MSVCRTD:userapi.obj
 0001:00009f00       _RTC_SetErrorFunc          000000018000af00 f   MSVCRTD:userapi.obj
 0001:00009f20       _RTC_SetErrorFuncW         000000018000af20 f   MSVCRTD:userapi.obj
 0001:00009f40       _RTC_SetErrorType          000000018000af40 f   MSVCRTD:userapi.obj
 0001:00009f5e       _CRT_RTC_INITW             000000018000af5e f   MSVCRTD:MSVCR120D.dll
 0001:00009f70       ??_M@YAXPEAX_KHP6AX0@Z@Z   000000018000af70 f   MSVCRTD:ehvecdtr.obj
 0001:0000a050       ?__ArrayUnwind@@YAXPEAX_KHP6AX0@Z@Z 000000018000b050 f   MSVCRTD:ehvecdtr.obj
 0001:0000a0a0       _lock                      000000018000b0a0 f   MSVCRTD:MSVCR120D.dll
 0001:0000a0a6       _unlock                    000000018000b0a6 f   MSVCRTD:MSVCR120D.dll
 0001:0000a0ac       _CrtDbgReportW             000000018000b0ac f   MSVCRTD:MSVCR120D.dll
 0001:0000a0b2       _calloc_dbg                000000018000b0b2 f   MSVCRTD:MSVCR120D.dll
 0001:0000a0b8       __dllonexit                000000018000b0b8 f   MSVCRTD:MSVCR120D.dll
 0001:0000a0be       __C_specific_handler       000000018000b0be f   MSVCRTD:MSVCR120D.dll
 0001:0000a0d0       __raise_securityfailure    000000018000b0d0 f   MSVCRTD:gs_report.obj
 0001:0000a120       __report_gsfailure         000000018000b120 f   MSVCRTD:gs_report.obj
 0001:0000a200       __report_rangecheckfailure 000000018000b200 f   MSVCRTD:gs_report.obj
 0001:0000a220       __report_securityfailure   000000018000b220 f   MSVCRTD:gs_report.obj
 0001:0000a2c0       __report_securityfailureEx 000000018000b2c0 f   MSVCRTD:gs_report.obj
 0001:0000a3ce       __CppXcptFilter            000000018000b3ce f   MSVCRTD:MSVCR120D.dll
 0001:0000a3d4       _amsg_exit                 000000018000b3d4 f   MSVCRTD:MSVCR120D.dll
 0001:0000a3da       _malloc_dbg                000000018000b3da f   MSVCRTD:MSVCR120D.dll
 0001:0000a3e0       _free_dbg                  000000018000b3e0 f   MSVCRTD:MSVCR120D.dll
 0001:0000a3e6       _CrtSetCheckCount          000000018000b3e6 f   MSVCRTD:MSVCR120D.dll
 0001:0000a3f0       _FindPESection             000000018000b3f0 f   MSVCRTD:pesect.obj
 0001:0000a4a0       _IsNonwritableInCurrentImage 000000018000b4a0 f   MSVCRTD:pesect.obj
 0001:0000a530       _ValidateImageBase         000000018000b530 f   MSVCRTD:pesect.obj
 0001:0000a5b0       __security_init_cookie     000000018000b5b0 f   MSVCRTD:gs_support.obj
 0001:0000a6d0       DllMain                    000000018000b6d0 f   MSVCRTD:dllmain.obj
 0001:0000a710       _RTC_Initialize            000000018000b710 f   MSVCRTD:initsect.obj
 0001:0000a750       _RTC_Terminate             000000018000b750 f   MSVCRTD:initsect.obj
 0001:0000a78e       _initterm                  000000018000b78e f   MSVCRTD:MSVCR120D.dll
 0001:0000a794       _initterm_e                000000018000b794 f   MSVCRTD:MSVCR120D.dll
 0001:0000a7a0       __clean_type_info_names    000000018000b7a0 f   MSVCRTD:tncleanup.obj
 0001:0000ac80       ?_RTC_GetSrcLine@@YAHPEAEPEA_WKPEAH1K@Z 000000018000bc80 f   MSVCRTD:pdblkup.obj
 0001:0000b00a       ?terminate@@YAXXZ          000000018000c00a f   MSVCRTD:MSVCR120D.dll
 0001:0000b010       ??1type_info@@UEAA@XZ      000000018000c010 f   MSVCRTD:MSVCR120D.dll
 0001:0000b010       ?_type_info_dtor_internal_method@type_info@@QEAAXXZ 000000018000c010 f   MSVCRTD:MSVCR120D.dll
 0001:0000b016       __crt_debugger_hook        000000018000c016 f   MSVCRTD:MSVCR120D.dll
 0001:0000b01c       __crtUnhandledException    000000018000c01c f   MSVCRTD:MSVCR120D.dll
 0001:0000b022       __crtTerminateProcess      000000018000c022 f   MSVCRTD:MSVCR120D.dll
 0001:0000b028       __crtCaptureCurrentContext 000000018000c028 f   MSVCRTD:MSVCR120D.dll
 0001:0000b02e       __crtCapturePreviousContext 000000018000c02e f   MSVCRTD:MSVCR120D.dll
 0001:0000b034       __clean_type_info_names_internal 000000018000c034 f   MSVCRTD:MSVCR120D.dll
 0001:0000b03a       wcscpy_s                   000000018000c03a f   MSVCRTD:MSVCR120D.dll
 0001:0000b040       _wmakepath_s               000000018000c040 f   MSVCRTD:MSVCR120D.dll
 0001:0000b046       _wsplitpath_s              000000018000c046 f   MSVCRTD:MSVCR120D.dll
 0001:0000b04c       ?uncaught_exception@std@@YA_NXZ 000000018000c04c f   msvcprtd:MSVCP120D.dll
 0001:0000b052       ?_Debug_message@std@@YAXPEB_W0I@Z 000000018000c052 f   msvcprtd:MSVCP120D.dll
 0001:0000b058       ??0_Container_base12@std@@QEAA@XZ 000000018000c058 f   msvcprtd:MSVCP120D.dll
 0001:0000b05e       ??1_Container_base12@std@@QEAA@XZ 000000018000c05e f   msvcprtd:MSVCP120D.dll
 0001:0000b064       ?_Orphan_all@_Container_base12@std@@QEAAXXZ 000000018000c064 f   msvcprtd:MSVCP120D.dll
 0001:0000b06a       ?_Xbad_alloc@std@@YAXXZ    000000018000c06a f   msvcprtd:MSVCP120D.dll
 0001:0000b070       ?_Xlength_error@std@@YAXPEBD@Z 000000018000c070 f   msvcprtd:MSVCP120D.dll
 0001:0000b076       ?_Xout_of_range@std@@YAXPEBD@Z 000000018000c076 f   msvcprtd:MSVCP120D.dll
 0001:0000b07c       ?_Syserror_map@std@@YAPEBDH@Z 000000018000c07c f   msvcprtd:MSVCP120D.dll
 0001:0000b082       ?_Winerror_map@std@@YAPEBDH@Z 000000018000c082 f   msvcprtd:MSVCP120D.dll
 0001:0000b088       ?good@ios_base@std@@QEBA_NXZ 000000018000c088 f   msvcprtd:MSVCP120D.dll
 0001:0000b08e       ?flags@ios_base@std@@QEBAHXZ 000000018000c08e f   msvcprtd:MSVCP120D.dll
 0001:0000b094       ?width@ios_base@std@@QEBA_JXZ 000000018000c094 f   msvcprtd:MSVCP120D.dll
 0001:0000b09a       ?width@ios_base@std@@QEAA_J_J@Z 000000018000c09a f   msvcprtd:MSVCP120D.dll
 0001:0000b0a0       ?sputc@?$basic_streambuf@DU?$char_traits@D@std@@@std@@QEAAHD@Z 000000018000c0a0 f   msvcprtd:MSVCP120D.dll
 0001:0000b0a6       ?sputn@?$basic_streambuf@DU?$char_traits@D@std@@@std@@QEAA_JPEBD_J@Z 000000018000c0a6 f   msvcprtd:MSVCP120D.dll
 0001:0000b0ac       ?setstate@?$basic_ios@DU?$char_traits@D@std@@@std@@QEAAXH_N@Z 000000018000c0ac f   msvcprtd:MSVCP120D.dll
 0001:0000b0b2       ?tie@?$basic_ios@DU?$char_traits@D@std@@@std@@QEBAPEAV?$basic_ostream@DU?$char_traits@D@std@@@2@XZ 000000018000c0b2 f   msvcprtd:MSVCP120D.dll
 0001:0000b0b8       ?rdbuf@?$basic_ios@DU?$char_traits@D@std@@@std@@QEBAPEAV?$basic_streambuf@DU?$char_traits@D@std@@@2@XZ 000000018000c0b8 f   msvcprtd:MSVCP120D.dll
 0001:0000b0be       ?fill@?$basic_ios@DU?$char_traits@D@std@@@std@@QEBADXZ 000000018000c0be f   msvcprtd:MSVCP120D.dll
 0001:0000b0c4       ?widen@?$basic_ios@DU?$char_traits@D@std@@@std@@QEBADD@Z 000000018000c0c4 f   msvcprtd:MSVCP120D.dll
 0001:0000b0ca       ?_Osfx@?$basic_ostream@DU?$char_traits@D@std@@@std@@QEAAXXZ 000000018000c0ca f   msvcprtd:MSVCP120D.dll
 0001:0000b0d0       ??6?$basic_ostream@DU?$char_traits@D@std@@@std@@QEAAAEAV01@P6AAEAV01@AEAV01@@Z@Z 000000018000c0d0 f   msvcprtd:MSVCP120D.dll
 0001:0000b0d6       ?put@?$basic_ostream@DU?$char_traits@D@std@@@std@@QEAAAEAV12@D@Z 000000018000c0d6 f   msvcprtd:MSVCP120D.dll
 0001:0000b0dc       ?flush@?$basic_ostream@DU?$char_traits@D@std@@@std@@QEAAAEAV12@XZ 000000018000c0dc f   msvcprtd:MSVCP120D.dll
 0001:0000b0e2       EncodePointer              000000018000c0e2 f   kernel32:KERNEL32.dll
 0001:0000b0e8       DecodePointer              000000018000c0e8 f   kernel32:KERNEL32.dll
 0001:0000b0ee       IsDebuggerPresent          000000018000c0ee f   kernel32:KERNEL32.dll
 0001:0000b0f4       RaiseException             000000018000c0f4 f   kernel32:KERNEL32.dll
 0001:0000b0fa       GetLastError               000000018000c0fa f   kernel32:KERNEL32.dll
 0001:0000b100       GetProcAddress             000000018000c100 f   kernel32:KERNEL32.dll
 0001:0000b106       LoadLibraryExW             000000018000c106 f   kernel32:KERNEL32.dll
 0001:0000b10c       MultiByteToWideChar        000000018000c10c f   kernel32:KERNEL32.dll
 0001:0000b112       WideCharToMultiByte        000000018000c112 f   kernel32:KERNEL32.dll
 0001:0000b118       IsProcessorFeaturePresent  000000018000c118 f   kernel32:KERNEL32.dll
 0001:0000b11e       QueryPerformanceCounter    000000018000c11e f   kernel32:KERNEL32.dll
 0001:0000b124       GetCurrentProcessId        000000018000c124 f   kernel32:KERNEL32.dll
 0001:0000b12a       GetCurrentThreadId         000000018000c12a f   kernel32:KERNEL32.dll
 0001:0000b130       GetSystemTimeAsFileTime    000000018000c130 f   kernel32:KERNEL32.dll
 0001:0000b136       DisableThreadLibraryCalls  000000018000c136 f   kernel32:KERNEL32.dll
 0001:0000b13c       HeapAlloc                  000000018000c13c f   kernel32:KERNEL32.dll
 0001:0000b142       HeapFree                   000000018000c142 f   kernel32:KERNEL32.dll
 0001:0000b148       GetProcessHeap             000000018000c148 f   kernel32:KERNEL32.dll
 0001:0000b14e       VirtualQuery               000000018000c14e f   kernel32:KERNEL32.dll
 0001:0000b154       FreeLibrary                000000018000c154 f   kernel32:KERNEL32.dll
 0001:0000b15a       GetModuleFileNameW         000000018000c15a f   kernel32:KERNEL32.dll
 0001:0000b160       GetModuleHandleW           000000018000c160 f   kernel32:KERNEL32.dll
 0002:00000000       __xc_a                     0000000180011000     MSVCRTD:cinitexe.obj
 0002:00000258       __xc_z                     0000000180011258     MSVCRTD:cinitexe.obj
 0002:00000368       __xi_a                     0000000180011368     MSVCRTD:cinitexe.obj
 0002:00000698       __xi_z                     0000000180011698     MSVCRTD:cinitexe.obj
 0002:00000ba8       ??_7CBaseRtsp@@6B@         0000000180011ba8     CBaseRtsp.obj
 0002:00001470       ??_7error_category@std@@6B@ 0000000180012470     Encoder.obj
 0002:000014b8       ??_7_Generic_error_category@std@@6B@ 00000001800124b8     Encoder.obj
 0002:000014f8       ??_C@_07DCLBNMLN@generic?$AA@ 00000001800124f8     Encoder.obj
 0002:00001508       ??_C@_0O@BFJCFAAK@unknown?5error?$AA@ 0000000180012508     Encoder.obj
 0002:00001520       ??_7_Iostream_error_category@std@@6B@ 0000000180012520     Encoder.obj
 0002:00001560       ??_C@_08LLGCOLLL@iostream?$AA@ 0000000180012560     Encoder.obj
 0002:00001570       ??_C@_0BG@PADBLCHM@iostream?5stream?5error?$AA@ 0000000180012570     Encoder.obj
 0002:00001598       ??_7_System_error_category@std@@6B@ 0000000180012598     Encoder.obj
 0002:000015d4       ??_C@_06FHFOAHML@system?$AA@ 00000001800125d4     Encoder.obj
 0002:000015e0       ??_C@_1IO@FEAPGJBD@?$AAC?$AA?3?$AA?2?$AAP?$AAr?$AAo?$AAg?$AAr?$AAa?$AAm?$AA?5?$AAF?$AAi?$AAl?$AAe?$AAs?$AA?5?$AA?$CI?$AAx?$AA8?$AA6?$AA?$CJ?$AA?2?$AAM?$AAi?$AAc?$AAr?$AAo?$AAs?$AAo?$AAf?$AAt@ 00000001800125e0     Encoder.obj
 0002:00001690       ??_C@_0BA@JFNIOLAK@string?5too?5long?$AA@ 0000000180012690     Encoder.obj
 0002:000016a8       ??_C@_0BI@CFPLBAOH@invalid?5string?5position?$AA@ 00000001800126a8     Encoder.obj
 0002:000016c8       ??_C@_1CK@EOPGIILJ@?$AAi?$AAn?$AAv?$AAa?$AAl?$AAi?$AAd?$AA?5?$AAn?$AAu?$AAl?$AAl?$AA?5?$AAp?$AAo?$AAi?$AAn?$AAt?$AAe?$AAr?$AA?$AA@ 00000001800126c8     Encoder.obj
 0002:00001aa8       ??_7CRtspOnline@@6B@       0000000180012aa8     CRtspOnline.obj
 0002:00001c70       ??_7CRtspRecorder@@6B@     0000000180012c70     CRtspRecorder.obj
 0002:00001c84       ?value@?$integral_constant@_N$0A@@std@@2_NB 0000000180012c84     MSVCRTD:ti_inst.obj
 0002:00001c85       ?value@?$integral_constant@_N$00@std@@2_NB 0000000180012c85     MSVCRTD:ti_inst.obj
 0002:00001c90       ??_7type_info@@6B@         0000000180012c90     MSVCRTD:ti_inst.obj
 0002:00001ca0       ??_C@_1MC@KPMPFEII@?$AA?$CI?$AA_?$AA_?$AAo?$AAn?$AAe?$AAx?$AAi?$AAt?$AAb?$AAe?$AAg?$AAi?$AAn?$AA?5?$AA?$CB?$AA?$DN?$AA?5?$AAN?$AAU?$AAL?$AAL?$AA?5?$AA?$CG?$AA?$CG?$AA?5?$AA_?$AA_?$AAo?$AAn?$AAe?$AAx@ 0000000180012ca0     MSVCRTD:atonexit.obj
 0002:00001d64       ??_C@_15GANGMFKL@?$AA?$CF?$AAs?$AA?$AA@ 0000000180012d64     MSVCRTD:atonexit.obj
 0002:00001d70       ??_C@_1FK@IGIDCAPD@?$AAf?$AA?3?$AA?2?$AAd?$AAd?$AA?2?$AAv?$AAc?$AAt?$AAo?$AAo?$AAl?$AAs?$AA?2?$AAc?$AAr?$AAt?$AA?2?$AAc?$AAr?$AAt?$AAw?$AA3?$AA2?$AA?2?$AAd?$AAl?$AAl?$AAs?$AAt?$AAu?$AAf@ 0000000180012d70     MSVCRTD:atonexit.obj
 0002:00001dd0       ??_C@_0CN@LMJJPMEG@f?3?2dd?2vctools?2crt?2crtw32?2dllstuf@ 0000000180012dd0     MSVCRTD:atonexit.obj
 0002:00001e00       _pRawDllMain               0000000180012e00     MSVCRTD:crtdll.obj
 0002:00001e00       _pDefaultRawDllMain        0000000180012e00     MSVCRTD:crtdll.obj
 0002:00001e08       ??_C@_0CL@CCAGLLEM@f?3?2dd?2vctools?2crt?2crtw32?2dllstuf@ 0000000180012e08     MSVCRTD:crtdll.obj
 0002:00001f00       ??_C@_0NN@NGPKDKPD@The?5value?5of?5ESP?5was?5not?5properl@ 0000000180012f00     MSVCRTD:error.obj
 0002:00001fe0       ??_C@_0BBN@GPMLNJCF@A?5cast?5to?5a?5smaller?5data?5type?5ha@ 0000000180012fe0     MSVCRTD:error.obj
 0002:00002100       ??_C@_0BN@FFOINMNJ@Stack?5memory?5was?5corrupted?6?$AN?$AA@ 0000000180013100     MSVCRTD:error.obj
 0002:00002120       ??_C@_0DG@HKJMLLLP@A?5local?5variable?5was?5used?5before@ 0000000180013120     MSVCRTD:error.obj
 0002:00002158       ??_C@_0CM@NGINOKPC@Stack?5memory?5around?5_alloca?5was?5@ 0000000180013158     MSVCRTD:error.obj
 0002:00002188       ??_C@_0BO@GNIAFIKK@Unknown?5Runtime?5Check?5Error?6?$AN?$AA@ 0000000180013188     MSVCRTD:error.obj
 0002:000021b0       ??_C@_1GM@OLMCBDMB@?$AAR?$AAu?$AAn?$AAt?$AAi?$AAm?$AAe?$AA?5?$AAC?$AAh?$AAe?$AAc?$AAk?$AA?5?$AAE?$AAr?$AAr?$AAo?$AAr?$AA?4?$AA?6?$AA?$AN?$AA?5?$AAU?$AAn?$AAa?$AAb?$AAl?$AAe?$AA?5?$AAt?$AAo@ 00000001800131b0     MSVCRTD:error.obj
 0002:00002220       ??_C@_1EA@NFKNIFJP@?$AAR?$AAu?$AAn?$AA?9?$AAT?$AAi?$AAm?$AAe?$AA?5?$AAC?$AAh?$AAe?$AAc?$AAk?$AA?5?$AAF?$AAa?$AAi?$AAl?$AAu?$AAr?$AAe?$AA?5?$AA?$CD?$AA?$CF?$AAd?$AA?5?$AA?9?$AA?5?$AA?$CF?$AAs?$AA?$AA@ 0000000180013220     MSVCRTD:error.obj
 0002:00002260       ??_C@_0BB@PFFGGCJP@Unknown?5Filename?$AA@ 0000000180013260     MSVCRTD:error.obj
 0002:00002278       ??_C@_0BE@GNBOBNCK@Unknown?5Module?5Name?$AA@ 0000000180013278     MSVCRTD:error.obj
 0002:00002290       ??_C@_0CA@IODNCDPG@Run?9Time?5Check?5Failure?5?$CD?$CFd?5?9?5?$CFs?$AA@ 0000000180013290     MSVCRTD:error.obj
 0002:000022b0       ??_C@_0CG@IAFNJNEE@Stack?5corrupted?5near?5unknown?5var@ 00000001800132b0     MSVCRTD:error.obj
 0002:000022d8       ??_C@_05MKKEDADM@?$CF?42X?5?$AA@ 00000001800132d8     MSVCRTD:error.obj
 0002:000022e0       ??_C@_1BG@OILDLIOJ@?$AAu?$AAs?$AAe?$AAr?$AA3?$AA2?$AA?4?$AAd?$AAl?$AAl?$AA?$AA@ 00000001800132e0     MSVCRTD:error.obj
 0002:000022f8       ??_C@_09FOPFMPEJ@wsprintfA?$AA@ 00000001800132f8     MSVCRTD:error.obj
 0002:00002310       ??_C@_0EJ@LJKNEOLN@Stack?5area?5around?5_alloca?5memory@ 0000000180013310     MSVCRTD:error.obj
 0002:00002360       ??_C@_08OMAHNMHJ@?6Data?3?5?$DM?$AA@ 0000000180013360     MSVCRTD:error.obj
 0002:00002370       ??_C@_0CK@DKGBICFE@?6Allocation?5number?5within?5this?5f@ 0000000180013370     MSVCRTD:error.obj
 0002:000023a0       ??_C@_07DFDJCKFN@?6Size?3?5?$AA@ 00000001800133a0     MSVCRTD:error.obj
 0002:000023a8       ??_C@_0N@MHFFIMFG@?6Address?3?50x?$AA@ 00000001800133a8     MSVCRTD:error.obj
 0002:000023c0       ??_C@_0EI@CLEPFNGI@Stack?5area?5around?5_alloca?5memory@ 00000001800133c0     MSVCRTD:error.obj
 0002:00002408       ??_C@_0BE@EJFBLEMJ@?$CFs?$CFs?$CFp?$CFs?$CFI64d?$CFs?$CFd?$CFs?$AA@ 0000000180013408     MSVCRTD:error.obj
 0002:0000241c       ??_C@_01EEMJAFIK@?6?$AA@   000000018001341c     MSVCRTD:error.obj
 0002:00002420       ??_C@_02LLMPMKNF@?$DO?5?$AA@ 0000000180013420     MSVCRTD:error.obj
 0002:00002428       ??_C@_08KJEDNCKC@?$CFs?$CFs?$CFs?$CFs?$AA@ 0000000180013428     MSVCRTD:error.obj
 0002:00002438       ??_C@_0DE@OHJBPMBP@A?5variable?5is?5being?5used?5without@ 0000000180013438     MSVCRTD:error.obj
 0002:00002498       ??_C@_0BJ@HEGAHDFO@Stack?5pointer?5corruption?$AA@ 0000000180013498     MSVCRTD:userapi.obj
 0002:000024b8       ??_C@_0CK@FEGOIOPB@Cast?5to?5smaller?5type?5causing?5los@ 00000001800134b8     MSVCRTD:userapi.obj
 0002:000024e8       ??_C@_0BI@CIGMDCBH@Stack?5memory?5corruption?$AA@ 00000001800134e8     MSVCRTD:userapi.obj
 0002:00002500       ??_C@_0CK@CNLNOEPB@Local?5variable?5used?5before?5initi@ 0000000180013500     MSVCRTD:userapi.obj
 0002:00002530       ??_C@_0BP@OGBCLIBO@Stack?5around?5_alloca?5corrupted?$AA@ 0000000180013530     MSVCRTD:userapi.obj
 0002:00002560       ?ProcessDetach@NativeDll@<CrtImplementationDetails>@@0IB 0000000180013560     MSVCRTD:initsect.obj
 0002:00002564       ?ProcessAttach@NativeDll@<CrtImplementationDetails>@@0IB 0000000180013564     MSVCRTD:initsect.obj
 0002:00002568       ?ThreadAttach@NativeDll@<CrtImplementationDetails>@@0IB 0000000180013568     MSVCRTD:initsect.obj
 0002:0000256c       ?ThreadDetach@NativeDll@<CrtImplementationDetails>@@0IB 000000018001356c     MSVCRTD:initsect.obj
 0002:00002570       ?ProcessVerifier@NativeDll@<CrtImplementationDetails>@@0IB 0000000180013570     MSVCRTD:initsect.obj
 0002:00002574       ?LocalIdBitWidth@CrossScopeId@CodeViewInfo@@2IB 0000000180013574     MSVCRTD:pdblkup.obj
 0002:00002578       ?IdScopeBitWidth@CrossScopeId@CodeViewInfo@@2IB 0000000180013578     MSVCRTD:pdblkup.obj
 0002:0000257c       ?StartCrossScopeId@CrossScopeId@CodeViewInfo@@2IB 000000018001357c     MSVCRTD:pdblkup.obj
 0002:00002580       ?LocalIdMask@CrossScopeId@CodeViewInfo@@2IB 0000000180013580     MSVCRTD:pdblkup.obj
 0002:00002584       ?ScopeIdMask@CrossScopeId@CodeViewInfo@@2IB 0000000180013584     MSVCRTD:pdblkup.obj
 0002:00002588       ?MaxLocalId@CrossScopeId@CodeViewInfo@@2IB 0000000180013588     MSVCRTD:pdblkup.obj
 0002:0000258c       ?MaxScopeId@CrossScopeId@CodeViewInfo@@2IB 000000018001358c     MSVCRTD:pdblkup.obj
 0002:000025e0       ??_C@_1BK@GAEMIDIL@?$AAA?$AAD?$AAV?$AAA?$AAP?$AAI?$AA3?$AA2?$AA?4?$AAD?$AAL?$AAL?$AA?$AA@ 00000001800135e0     MSVCRTD:pdblkup.obj
 0002:00002600       ??_C@_0O@COHOBMLB@RegOpenKeyExW?$AA@ 0000000180013600     MSVCRTD:pdblkup.obj
 0002:00002610       ??_C@_0BB@GLNAEDBD@RegQueryValueExW?$AA@ 0000000180013610     MSVCRTD:pdblkup.obj
 0002:00002628       ??_C@_0M@HLOHPNFA@RegCloseKey?$AA@ 0000000180013628     MSVCRTD:pdblkup.obj
 0002:00002640       ??_C@_1HE@HOJOLGOA@?$AAS?$AAO?$AAF?$AAT?$AAW?$AAA?$AAR?$AAE?$AA?2?$AAW?$AAo?$AAw?$AA6?$AA4?$AA3?$AA2?$AAN?$AAo?$AAd?$AAe?$AA?2?$AAM?$AAi?$AAc?$AAr?$AAo?$AAs?$AAo?$AAf?$AAt?$AA?2?$AAV@ 0000000180013640     MSVCRTD:pdblkup.obj
 0002:000026b8       ??_C@_1BG@EABPBLLF@?$AAP?$AAr?$AAo?$AAd?$AAu?$AAc?$AAt?$AAD?$AAi?$AAr?$AA?$AA@ 00000001800136b8     MSVCRTD:pdblkup.obj
 0002:000026f0       ??_C@_1BC@EOIMGOME@?$AAM?$AAS?$AAP?$AAD?$AAB?$AA1?$AA2?$AA0?$AA?$AA@ 00000001800136f0     MSVCRTD:pdblkup.obj
 0002:00002708       ??_C@_0BB@KCIACLNC@PDBOpenValidate5?$AA@ 0000000180013708     MSVCRTD:pdblkup.obj
 0002:0000271c       ??_C@_01KDCPPGHE@r?$AA@    000000018001371c     MSVCRTD:pdblkup.obj
 0002:00002720       _load_config_used          0000000180013720     MSVCRTD:loadcfg.obj
 0002:00002c90       ??_R4CBaseRtsp@@6B@        0000000180013c90     CBaseRtsp.obj
 0002:00002cc0       ??_R3CBaseRtsp@@8          0000000180013cc0     CBaseRtsp.obj
 0002:00002cd8       ??_R2CBaseRtsp@@8          0000000180013cd8     CBaseRtsp.obj
 0002:00002ce8       ??_R1A@?0A@EA@CBaseRtsp@@8 0000000180013ce8     CBaseRtsp.obj
 0002:00002d18       ??_R4error_category@std@@6B@ 0000000180013d18     Encoder.obj
 0002:00002d48       ??_R3error_category@std@@8 0000000180013d48     Encoder.obj
 0002:00002d60       ??_R2error_category@std@@8 0000000180013d60     Encoder.obj
 0002:00002d70       ??_R1A@?0A@EA@error_category@std@@8 0000000180013d70     Encoder.obj
 0002:00002da0       ??_R4_Generic_error_category@std@@6B@ 0000000180013da0     Encoder.obj
 0002:00002dd0       ??_R3_Generic_error_category@std@@8 0000000180013dd0     Encoder.obj
 0002:00002de8       ??_R2_Generic_error_category@std@@8 0000000180013de8     Encoder.obj
 0002:00002e00       ??_R1A@?0A@EA@_Generic_error_category@std@@8 0000000180013e00     Encoder.obj
 0002:00002e30       ??_R4_Iostream_error_category@std@@6B@ 0000000180013e30     Encoder.obj
 0002:00002e60       ??_R3_Iostream_error_category@std@@8 0000000180013e60     Encoder.obj
 0002:00002e78       ??_R2_Iostream_error_category@std@@8 0000000180013e78     Encoder.obj
 0002:00002ea0       ??_R1A@?0A@EA@_Iostream_error_category@std@@8 0000000180013ea0     Encoder.obj
 0002:00002ed0       ??_R4_System_error_category@std@@6B@ 0000000180013ed0     Encoder.obj
 0002:00002f00       ??_R3_System_error_category@std@@8 0000000180013f00     Encoder.obj
 0002:00002f18       ??_R2_System_error_category@std@@8 0000000180013f18     Encoder.obj
 0002:00002f40       ??_R1A@?0A@EA@_System_error_category@std@@8 0000000180013f40     Encoder.obj
 0002:00002f70       ??_R4CRtspOnline@@6B@      0000000180013f70     CRtspOnline.obj
 0002:00002fa0       ??_R3CRtspOnline@@8        0000000180013fa0     CRtspOnline.obj
 0002:00002fb8       ??_R2CRtspOnline@@8        0000000180013fb8     CRtspOnline.obj
 0002:00002fd0       ??_R1A@?0A@EA@CRtspOnline@@8 0000000180013fd0     CRtspOnline.obj
 0002:00003000       ??_R4CRtspRecorder@@6B@    0000000180014000     CRtspRecorder.obj
 0002:00003030       ??_R3CRtspRecorder@@8      0000000180014030     CRtspRecorder.obj
 0002:00003048       ??_R2CRtspRecorder@@8      0000000180014048     CRtspRecorder.obj
 0002:00003060       ??_R1A@?0A@EA@CRtspRecorder@@8 0000000180014060     CRtspRecorder.obj
 0002:00003090       ??_R4type_info@@6B@        0000000180014090     MSVCRTD:ti_inst.obj
 0002:000030b8       ??_R3type_info@@8          00000001800140b8     MSVCRTD:ti_inst.obj
 0002:000030d0       ??_R2type_info@@8          00000001800140d0     MSVCRTD:ti_inst.obj
 0002:000030e0       ??_R1A@?0A@EA@type_info@@8 00000001800140e0     MSVCRTD:ti_inst.obj
 0002:00003238       __rtc_iaa                  0000000180014238     MSVCRTD:initsect.obj
 0002:000034a0       __rtc_izz                  00000001800144a0     MSVCRTD:initsect.obj
 0002:000035b0       __rtc_taa                  00000001800145b0     MSVCRTD:initsect.obj
 0002:00003818       __rtc_tzz                  0000000180014818     MSVCRTD:initsect.obj
 0003:00000000       _fltused                   0000000180016000     MSVCRTD:dllsupp.obj
 0003:00000010       __security_cookie          0000000180016010     MSVCRTD:gs_cookie.obj
 0003:00000018       __security_cookie_complement 0000000180016018     MSVCRTD:gs_cookie.obj
 0003:00000020       ?_RTC_ErrorLevels@@3PAHA   0000000180016020     MSVCRTD:error.obj
 0003:00000034       __native_dllmain_reason    0000000180016034     MSVCRTD:natstart.obj
 0003:00000148       ??_R0?AVCBaseRtsp@@@8      0000000180016148     CBaseRtsp.obj
 0003:00000170       ??_R0?AVerror_category@std@@@8 0000000180016170     Encoder.obj
 0003:000001a8       ??_R0?AV_Generic_error_category@std@@@8 00000001800161a8     Encoder.obj
 0003:000001e8       ??_R0?AV_Iostream_error_category@std@@@8 00000001800161e8     Encoder.obj
 0003:00000228       ??_R0?AV_System_error_category@std@@@8 0000000180016228     Encoder.obj
 0003:00000268       ??_R0?AVCRtspOnline@@@8    0000000180016268     CRtspOnline.obj
 0003:00000290       ??_R0?AVCRtspRecorder@@@8  0000000180016290     CRtspRecorder.obj
 0003:000002c0       ??_R0?AVtype_info@@@8      00000001800162c0     MSVCRTD:ti_inst.obj
 0003:000003f8       ?_Generic_object@?$_Error_objects@H@std@@2V_Generic_error_category@2@A 00000001800163f8     Encoder.obj
 0003:00000408       ?_Iostream_object@?$_Error_objects@H@std@@2V_Iostream_error_category@2@A 0000000180016408     Encoder.obj
 0003:00000418       ?_System_object@?$_Error_objects@H@std@@2V_System_error_category@2@A 0000000180016418     Encoder.obj
 0003:00000438       ?wsprintffp@@3P6AHPEADPEBDZZEA 0000000180016438     MSVCRTD:error.obj
 0003:000009c8       ?__type_info_root_node@@3U__type_info_node@@A 00000001800169c8     MSVCRTD:tncleanup.obj
 0003:000009e8       __native_startup_lock      00000001800169e8     <common>
 0003:000009fc       __native_startup_state     00000001800169fc     <common>
 0003:00000a00       __dyn_tls_init_callback    0000000180016a00     <common>
 0003:00000a18       __onexitend                0000000180016a18     <common>
 0003:00000a30       __onexitbegin              0000000180016a30     <common>
 0005:00000000       __imp_GetModuleHandleW     0000000180018000     kernel32:KERNEL32.dll
 0005:00000008       __imp_GetModuleFileNameW   0000000180018008     kernel32:KERNEL32.dll
 0005:00000010       __imp_FreeLibrary          0000000180018010     kernel32:KERNEL32.dll
 0005:00000018       __imp_VirtualQuery         0000000180018018     kernel32:KERNEL32.dll
 0005:00000020       __imp_GetProcessHeap       0000000180018020     kernel32:KERNEL32.dll
 0005:00000028       __imp_HeapFree             0000000180018028     kernel32:KERNEL32.dll
 0005:00000030       __imp_HeapAlloc            0000000180018030     kernel32:KERNEL32.dll
 0005:00000038       __imp_DisableThreadLibraryCalls 0000000180018038     kernel32:KERNEL32.dll
 0005:00000040       __imp_GetSystemTimeAsFileTime 0000000180018040     kernel32:KERNEL32.dll
 0005:00000048       __imp_GetCurrentThreadId   0000000180018048     kernel32:KERNEL32.dll
 0005:00000050       __imp_GetCurrentProcessId  0000000180018050     kernel32:KERNEL32.dll
 0005:00000058       __imp_QueryPerformanceCounter 0000000180018058     kernel32:KERNEL32.dll
 0005:00000060       __imp_IsProcessorFeaturePresent 0000000180018060     kernel32:KERNEL32.dll
 0005:00000068       __imp_WideCharToMultiByte  0000000180018068     kernel32:KERNEL32.dll
 0005:00000070       __imp_MultiByteToWideChar  0000000180018070     kernel32:KERNEL32.dll
 0005:00000078       __imp_LoadLibraryExW       0000000180018078     kernel32:KERNEL32.dll
 0005:00000080       __imp_GetProcAddress       0000000180018080     kernel32:KERNEL32.dll
 0005:00000088       __imp_GetLastError         0000000180018088     kernel32:KERNEL32.dll
 0005:00000090       __imp_RaiseException       0000000180018090     kernel32:KERNEL32.dll
 0005:00000098       __imp_IsDebuggerPresent    0000000180018098     kernel32:KERNEL32.dll
 0005:000000a0       __imp_DecodePointer        00000001800180a0     kernel32:KERNEL32.dll
 0005:000000a8       __imp_EncodePointer        00000001800180a8     kernel32:KERNEL32.dll
 0005:000000b0       \177KERNEL32_NULL_THUNK_DATA 00000001800180b0     kernel32:KERNEL32.dll
 0005:00000128       __imp_?cout@std@@3V?$basic_ostream@DU?$char_traits@D@std@@@1@A 0000000180018128     msvcprtd:MSVCP120D.dll
 0005:00000130       __imp_?flush@?$basic_ostream@DU?$char_traits@D@std@@@std@@QEAAAEAV12@XZ 0000000180018130     msvcprtd:MSVCP120D.dll
 0005:00000138       __imp_?put@?$basic_ostream@DU?$char_traits@D@std@@@std@@QEAAAEAV12@D@Z 0000000180018138     msvcprtd:MSVCP120D.dll
 0005:00000140       __imp_??6?$basic_ostream@DU?$char_traits@D@std@@@std@@QEAAAEAV01@P6AAEAV01@AEAV01@@Z@Z 0000000180018140     msvcprtd:MSVCP120D.dll
 0005:00000148       __imp_?_Osfx@?$basic_ostream@DU?$char_traits@D@std@@@std@@QEAAXXZ 0000000180018148     msvcprtd:MSVCP120D.dll
 0005:00000150       __imp_?widen@?$basic_ios@DU?$char_traits@D@std@@@std@@QEBADD@Z 0000000180018150     msvcprtd:MSVCP120D.dll
 0005:00000158       __imp_?fill@?$basic_ios@DU?$char_traits@D@std@@@std@@QEBADXZ 0000000180018158     msvcprtd:MSVCP120D.dll
 0005:00000160       __imp_?rdbuf@?$basic_ios@DU?$char_traits@D@std@@@std@@QEBAPEAV?$basic_streambuf@DU?$char_traits@D@std@@@2@XZ 0000000180018160     msvcprtd:MSVCP120D.dll
 0005:00000168       __imp_?tie@?$basic_ios@DU?$char_traits@D@std@@@std@@QEBAPEAV?$basic_ostream@DU?$char_traits@D@std@@@2@XZ 0000000180018168     msvcprtd:MSVCP120D.dll
 0005:00000170       __imp_?setstate@?$basic_ios@DU?$char_traits@D@std@@@std@@QEAAXH_N@Z 0000000180018170     msvcprtd:MSVCP120D.dll
 0005:00000178       __imp_?sputn@?$basic_streambuf@DU?$char_traits@D@std@@@std@@QEAA_JPEBD_J@Z 0000000180018178     msvcprtd:MSVCP120D.dll
 0005:00000180       __imp_?sputc@?$basic_streambuf@DU?$char_traits@D@std@@@std@@QEAAHD@Z 0000000180018180     msvcprtd:MSVCP120D.dll
 0005:00000188       __imp_?width@ios_base@std@@QEAA_J_J@Z 0000000180018188     msvcprtd:MSVCP120D.dll
 0005:00000190       __imp_?width@ios_base@std@@QEBA_JXZ 0000000180018190     msvcprtd:MSVCP120D.dll
 0005:00000198       __imp_?flags@ios_base@std@@QEBAHXZ 0000000180018198     msvcprtd:MSVCP120D.dll
 0005:000001a0       __imp_?good@ios_base@std@@QEBA_NXZ 00000001800181a0     msvcprtd:MSVCP120D.dll
 0005:000001a8       __imp_?_Winerror_map@std@@YAPEBDH@Z 00000001800181a8     msvcprtd:MSVCP120D.dll
 0005:000001b0       __imp_?_Syserror_map@std@@YAPEBDH@Z 00000001800181b0     msvcprtd:MSVCP120D.dll
 0005:000001b8       __imp_?_Xout_of_range@std@@YAXPEBD@Z 00000001800181b8     msvcprtd:MSVCP120D.dll
 0005:000001c0       __imp_?_Xlength_error@std@@YAXPEBD@Z 00000001800181c0     msvcprtd:MSVCP120D.dll
 0005:000001c8       __imp_?_Xbad_alloc@std@@YAXXZ 00000001800181c8     msvcprtd:MSVCP120D.dll
 0005:000001d0       __imp_?_Orphan_all@_Container_base12@std@@QEAAXXZ 00000001800181d0     msvcprtd:MSVCP120D.dll
 0005:000001d8       __imp_??1_Container_base12@std@@QEAA@XZ 00000001800181d8     msvcprtd:MSVCP120D.dll
 0005:000001e0       __imp_??0_Container_base12@std@@QEAA@XZ 00000001800181e0     msvcprtd:MSVCP120D.dll
 0005:000001e8       __imp_?_Debug_message@std@@YAXPEB_W0I@Z 00000001800181e8     msvcprtd:MSVCP120D.dll
 0005:000001f0       __imp_?uncaught_exception@std@@YA_NXZ 00000001800181f0     msvcprtd:MSVCP120D.dll
 0005:000001f8       \177MSVCP120D_NULL_THUNK_DATA 00000001800181f8     msvcprtd:MSVCP120D.dll
 0005:00000278       __imp__wsplitpath_s        0000000180018278     MSVCRTD:MSVCR120D.dll
 0005:00000280       __imp__purecall            0000000180018280     MSVCRTD:MSVCR120D.dll
 0005:00000288       __imp_??2@YAPEAX_K@Z       0000000180018288     MSVCRTD:MSVCR120D.dll
 0005:00000290       __imp_??3@YAXPEAX@Z        0000000180018290     MSVCRTD:MSVCR120D.dll
 0005:00000298       __imp__errno               0000000180018298     MSVCRTD:MSVCR120D.dll
 0005:000002a0       __imp_printf               00000001800182a0     MSVCRTD:MSVCR120D.dll
 0005:000002a8       __imp_calloc               00000001800182a8     MSVCRTD:MSVCR120D.dll
 0005:000002b0       __imp_free                 00000001800182b0     MSVCRTD:MSVCR120D.dll
 0005:000002b8       __imp_memset               00000001800182b8     MSVCRTD:MSVCR120D.dll
 0005:000002c0       __imp_strlen               00000001800182c0     MSVCRTD:MSVCR120D.dll
 0005:000002c8       __imp_strerror             00000001800182c8     MSVCRTD:MSVCR120D.dll
 0005:000002d0       __imp___iob_func           00000001800182d0     MSVCRTD:MSVCR120D.dll
 0005:000002d8       __imp_fclose               00000001800182d8     MSVCRTD:MSVCR120D.dll
 0005:000002e0       __imp_fflush               00000001800182e0     MSVCRTD:MSVCR120D.dll
 0005:000002e8       __imp_fopen                00000001800182e8     MSVCRTD:MSVCR120D.dll
 0005:000002f0       __imp_fprintf              00000001800182f0     MSVCRTD:MSVCR120D.dll
 0005:000002f8       __imp_fwrite               00000001800182f8     MSVCRTD:MSVCR120D.dll
 0005:00000300       __imp__hypot               0000000180018300     MSVCRTD:MSVCR120D.dll
 0005:00000308       __imp_exit                 0000000180018308     MSVCRTD:MSVCR120D.dll
 0005:00000310       __imp_memcpy               0000000180018310     MSVCRTD:MSVCR120D.dll
 0005:00000318       __imp_memmove              0000000180018318     MSVCRTD:MSVCR120D.dll
 0005:00000320       __imp__CxxThrowException   0000000180018320     MSVCRTD:MSVCR120D.dll
 0005:00000328       __imp___CxxFrameHandler3   0000000180018328     MSVCRTD:MSVCR120D.dll
 0005:00000330       __imp_fopen_s              0000000180018330     MSVCRTD:MSVCR120D.dll
 0005:00000338       __imp_system               0000000180018338     MSVCRTD:MSVCR120D.dll
 0005:00000340       __imp__CRT_RTC_INITW       0000000180018340     MSVCRTD:MSVCR120D.dll
 0005:00000348       __imp__lock                0000000180018348     MSVCRTD:MSVCR120D.dll
 0005:00000350       __imp__unlock              0000000180018350     MSVCRTD:MSVCR120D.dll
 0005:00000358       __imp__CrtDbgReportW       0000000180018358     MSVCRTD:MSVCR120D.dll
 0005:00000360       __imp__calloc_dbg          0000000180018360     MSVCRTD:MSVCR120D.dll
 0005:00000368       __imp___dllonexit          0000000180018368     MSVCRTD:MSVCR120D.dll
 0005:00000370       __imp___C_specific_handler 0000000180018370     MSVCRTD:MSVCR120D.dll
 0005:00000378       __imp__onexit              0000000180018378     MSVCRTD:MSVCR120D.dll
 0005:00000380       __imp___CppXcptFilter      0000000180018380     MSVCRTD:MSVCR120D.dll
 0005:00000388       __imp__amsg_exit           0000000180018388     MSVCRTD:MSVCR120D.dll
 0005:00000390       __imp__malloc_dbg          0000000180018390     MSVCRTD:MSVCR120D.dll
 0005:00000398       __imp__free_dbg            0000000180018398     MSVCRTD:MSVCR120D.dll
 0005:000003a0       __imp__CrtSetCheckCount    00000001800183a0     MSVCRTD:MSVCR120D.dll
 0005:000003a8       __imp__initterm            00000001800183a8     MSVCRTD:MSVCR120D.dll
 0005:000003b0       __imp__initterm_e          00000001800183b0     MSVCRTD:MSVCR120D.dll
 0005:000003b8       __imp_?terminate@@YAXXZ    00000001800183b8     MSVCRTD:MSVCR120D.dll
 0005:000003c0       __imp_?_type_info_dtor_internal_method@type_info@@QEAAXXZ 00000001800183c0     MSVCRTD:MSVCR120D.dll
 0005:000003c8       __imp___crt_debugger_hook  00000001800183c8     MSVCRTD:MSVCR120D.dll
 0005:000003d0       __imp___crtUnhandledException 00000001800183d0     MSVCRTD:MSVCR120D.dll
 0005:000003d8       __imp___crtTerminateProcess 00000001800183d8     MSVCRTD:MSVCR120D.dll
 0005:000003e0       __imp___crtCaptureCurrentContext 00000001800183e0     MSVCRTD:MSVCR120D.dll
 0005:000003e8       __imp___crtCapturePreviousContext 00000001800183e8     MSVCRTD:MSVCR120D.dll
 0005:000003f0       __imp___clean_type_info_names_internal 00000001800183f0     MSVCRTD:MSVCR120D.dll
 0005:000003f8       __imp_wcscpy_s             00000001800183f8     MSVCRTD:MSVCR120D.dll
 0005:00000400       __imp__wmakepath_s         0000000180018400     MSVCRTD:MSVCR120D.dll
 0005:00000408       \177MSVCR120D_NULL_THUNK_DATA 0000000180018408     MSVCRTD:MSVCR120D.dll
 0005:000004b0       __imp_av_free_packet       00000001800184b0     avcodec:dcdeds00058.o
 0005:000004b8       __imp_av_init_packet       00000001800184b8     avcodec:dcdeds00070.o
 0005:000004c0       __imp_av_packet_alloc      00000001800184c0     avcodec:dcdeds00083.o
 0005:000004c8       __imp_av_packet_free       00000001800184c8     avcodec:dcdeds00086.o
 0005:000004d0       __imp_av_packet_rescale_ts 00000001800184d0     avcodec:dcdeds00097.o
 0005:000004d8       __imp_av_packet_unref      00000001800184d8     avcodec:dcdeds00102.o
 0005:000004e0       __imp_avcodec_alloc_context3 00000001800184e0     avcodec:dcdeds00128.o
 0005:000004e8       __imp_avcodec_close        00000001800184e8     avcodec:dcdeds00130.o
 0005:000004f0       __imp_avcodec_encode_video2 00000001800184f0     avcodec:dcdeds00148.o
 0005:000004f8       __imp_avcodec_find_encoder 00000001800184f8     avcodec:dcdeds00156.o
 0005:00000500       __imp_avcodec_open2        0000000180018500     avcodec:dcdeds00172.o
 0005:00000508       __imp_avcodec_parameters_copy 0000000180018508     avcodec:dcdeds00174.o
 0005:00000518       __imp_av_dict_free         0000000180018518     avutil:dlcdds00106.o
 0005:00000520       __imp_av_dict_set          0000000180018520     avutil:dlcdds00110.o
 0005:00000528       __imp_av_dict_set_int      0000000180018528     avutil:dlcdds00111.o
 0005:00000530       __imp_av_frame_alloc       0000000180018530     avutil:dlcdds00161.o
 0005:00000538       __imp_av_frame_free        0000000180018538     avutil:dlcdds00166.o
 0005:00000540       __imp_av_frame_make_writable 0000000180018540     avutil:dlcdds00183.o
 0005:00000548       __imp_av_free              0000000180018548     avutil:dlcdds00203.o
 0005:00000550       __imp_av_freep             0000000180018550     avutil:dlcdds00204.o
 0005:00000558       __imp_av_image_alloc       0000000180018558     avutil:dlcdds00274.o
 0005:00000560       __imp_av_opt_set           0000000180018560     avutil:dlcdds00364.o
 0005:00000568       __imp_av_rescale_q         0000000180018568     avutil:dlcdds00408.o
 0005:00000570       __imp_av_rescale_q_rnd     0000000180018570     avutil:dlcdds00409.o
 0005:00000578       __imp_av_strerror          0000000180018578     avutil:dlcdds00447.o
 0005:00000588       __imp_av_dump_format       0000000180018588     avformat:dogeds00008.o
 0005:00000590       __imp_av_find_input_format 0000000180018590     avformat:dogeds00012.o
 0005:00000598       __imp_av_guess_format      0000000180018598     avformat:dogeds00039.o
 0005:000005a0       __imp_av_interleaved_write_frame 00000001800185a0     avformat:dogeds00046.o
 0005:000005a8       __imp_av_read_frame        00000001800185a8     avformat:dogeds00060.o
 0005:000005b0       __imp_av_sdp_create        00000001800185b0     avformat:dogeds00066.o
 0005:000005b8       __imp_av_write_frame       00000001800185b8     avformat:dogeds00079.o
 0005:000005c0       __imp_av_write_trailer     00000001800185c0     avformat:dogeds00080.o
 0005:000005c8       __imp_avformat_alloc_context 00000001800185c8     avformat:dogeds00083.o
 0005:000005d0       __imp_avformat_alloc_output_context2 00000001800185d0     avformat:dogeds00084.o
 0005:000005d8       __imp_avformat_close_input 00000001800185d8     avformat:dogeds00085.o
 0005:000005e0       __imp_avformat_find_stream_info 00000001800185e0     avformat:dogeds00087.o
 0005:000005e8       __imp_avformat_free_context 00000001800185e8     avformat:dogeds00089.o
 0005:000005f0       __imp_avformat_network_init 00000001800185f0     avformat:dogeds00099.o
 0005:000005f8       __imp_avformat_new_stream  00000001800185f8     avformat:dogeds00100.o
 0005:00000600       __imp_avformat_open_input  0000000180018600     avformat:dogeds00101.o
 0005:00000608       __imp_avformat_write_header 0000000180018608     avformat:dogeds00107.o
 0005:00000610       __imp_avio_close           0000000180018610     avformat:dogeds00111.o
 0005:00000618       __imp_avio_closep          0000000180018618     avformat:dogeds00114.o
 0005:00000620       __imp_avio_open            0000000180018620     avformat:dogeds00126.o
 0005:00000630       _head_libavformat_avformat_lib 0000000180018630     avformat:dogedh.o
 0005:00000644       _head_libavcodec_avcodec_lib 0000000180018644     avcodec:dcdedh.o
 0005:00000658       _head_libavutil_avutil_lib 0000000180018658     avutil:dlcddh.o
 0005:0000066c       __IMPORT_DESCRIPTOR_MSVCR120D 000000018001866c     MSVCRTD:MSVCR120D.dll
 0005:00000680       __IMPORT_DESCRIPTOR_MSVCP120D 0000000180018680     msvcprtd:MSVCP120D.dll
 0005:00000694       __IMPORT_DESCRIPTOR_KERNEL32 0000000180018694     kernel32:KERNEL32.dll
 0005:000006a8       __NULL_IMPORT_DESCRIPTOR   00000001800186a8     MSVCRTD:MSVCR120D.dll
 0005:00001d44       __libavformat_avformat_lib_iname 0000000180019d44     avformat:dogedt.o
 0005:00001d84       __libavcodec_avcodec_lib_iname 0000000180019d84     avcodec:dcdedt.o
 0005:00001dc8       __libavutil_avutil_lib_iname 0000000180019dc8     avutil:dlcddt.o
