 RtspWriteToFile

 Timestamp is 5b865423 (Wed Aug 29 12:06:59 2018)

 Preferred load address is 10000000

 Start         Length     Name                   Class
 0001:00000000 00010000H .textbss                DATA
 0002:00000000 000018e0H .text                   CODE
 0002:000018e0 0000119fH .text$di                CODE
 0002:00002a80 0000acc5H .text$mn                CODE
 0002:0000d750 0000116aH .text$x                 CODE
 0002:0000e8c0 000010edH .text$yd                CODE
 0003:00000000 00000104H .CRT$XCA                DATA
 0003:00000104 0000011bH .CRT$XCU                DATA
 0003:00000220 00000104H .CRT$XCZ                DATA
 0003:00000324 00000104H .CRT$XIA                DATA
 0003:00000428 00000104H .CRT$XIAA               DATA
 0003:0000052c 00000104H .CRT$XIC                DATA
 0003:00000630 00000104H .CRT$XIZ                DATA
 0003:00000740 000015deH .rdata                  DATA
 0003:00001d20 00000186H .rdata$debug            DATA
 0003:00001ea8 000003ebH .rdata$r                DATA
 0003:00002294 00000104H .rtc$IAA                DATA
 0003:00002398 00000118H .rtc$IMZ                DATA
 0003:000024b0 00000104H .rtc$IZZ                DATA
 0003:000025b4 00000104H .rtc$TAA                DATA
 0003:000026b8 00000118H .rtc$TMZ                DATA
 0003:000027d0 00000104H .rtc$TZZ                DATA
 0003:000028d8 00000433H .xdata$x                DATA
 0003:00002d10 00000178H .edata                  DATA
 0004:00000000 00000130H .data                   DATA
 0004:00000130 00000246H .data$r                 DATA
 0004:00000378 00000430H .bss                    DATA
 0005:00000000 0000030cH .idata$5                DATA
 0005:0000030c 00000078H .idata$2                DATA
 0005:00000384 00000014H .idata$3                DATA
 0005:00000398 0000030cH .idata$4                DATA
 0005:000006a4 00000f7fH .idata$6                DATA
 0005:00001624 000000e4H .idata$7                DATA
 0006:00000000 00000169H .rsrc$01                DATA
 0006:00000170 000002ccH .rsrc$02                DATA

  Address         Publics by Value              Rva+Base       Lib:Object

 0000:00000000       __except_list              00000000     <absolute>
 0000:00000000       ___guard_fids_table        00000000     <absolute>
 0000:00000000       ___guard_flags             00000000     <absolute>
 0000:00000000       ___safe_se_handler_table   00000000     <absolute>
 0000:00000000       ___safe_se_handler_count   00000000     <absolute>
 0000:00000000       ___guard_fids_count        00000000     <absolute>
 0000:00009876       __ldused                   00009876     <absolute>
 0000:00009876       __fltused                  00009876     <absolute>
 0000:00000000       ___ImageBase               10000000     <linker-defined>
 0001:00000000       __enc$textbss$begin        10001000     <linker-defined>
 0001:00010000       __enc$textbss$end          10011000     <linker-defined>
 0002:00000aa8       _avio_open                 10011aa8     avformat:dakqcs00126.o
 0002:00000ab4       _avio_closep               10011ab4     avformat:dakqcs00114.o
 0002:00000ac0       _avformat_network_init     10011ac0     avformat:dakqcs00099.o
 0002:00000acc       _avformat_free_context     10011acc     avformat:dakqcs00089.o
 0002:00000ad8       _avformat_new_stream       10011ad8     avformat:dakqcs00100.o
 0002:00000ae4       _avformat_alloc_output_context2 10011ae4     avformat:dakqcs00084.o
 0002:00000af0       _av_find_input_format      10011af0     avformat:dakqcs00012.o
 0002:00000afc       _avformat_open_input       10011afc     avformat:dakqcs00101.o
 0002:00000b08       _avformat_find_stream_info 10011b08     avformat:dakqcs00087.o
 0002:00000b14       _av_read_frame             10011b14     avformat:dakqcs00060.o
 0002:00000b20       _avformat_close_input      10011b20     avformat:dakqcs00085.o
 0002:00000b2c       _avformat_write_header     10011b2c     avformat:dakqcs00107.o
 0002:00000b38       _av_write_trailer          10011b38     avformat:dakqcs00080.o
 0002:00000b44       _av_guess_format           10011b44     avformat:dakqcs00039.o
 0002:00000b50       _av_dump_format            10011b50     avformat:dakqcs00008.o
 0002:00000b5c       _avio_close                10011b5c     avformat:dakqcs00111.o
 0002:00000b68       _avformat_alloc_context    10011b68     avformat:dakqcs00083.o
 0002:00000b74       _av_interleaved_write_frame 10011b74     avformat:dakqcs00046.o
 0002:00000b80       _av_write_frame            10011b80     avformat:dakqcs00079.o
 0002:00000b8c       _av_sdp_create             10011b8c     avformat:dakqcs00066.o
 0002:00000b98       _avcodec_parameters_copy   10011b98     avcodec:dcfqcs00173.o
 0002:00000ba4       _av_packet_unref           10011ba4     avcodec:dcfqcs00101.o
 0002:00000bb0       _avcodec_find_encoder      10011bb0     avcodec:dcfqcs00155.o
 0002:00000bbc       _avcodec_alloc_context3    10011bbc     avcodec:dcfqcs00127.o
 0002:00000bc8       _avcodec_open2             10011bc8     avcodec:dcfqcs00171.o
 0002:00000bd4       _avcodec_close             10011bd4     avcodec:dcfqcs00129.o
 0002:00000be0       _av_init_packet            10011be0     avcodec:dcfqcs00069.o
 0002:00000bec       _av_free_packet            10011bec     avcodec:dcfqcs00057.o
 0002:00000bf8       _av_packet_rescale_ts      10011bf8     avcodec:dcfqcs00096.o
 0002:00000c04       _avcodec_encode_video2     10011c04     avcodec:dcfqcs00147.o
 0002:00000c10       _av_packet_alloc           10011c10     avcodec:dcfqcs00082.o
 0002:00000c1c       _av_packet_free            10011c1c     avcodec:dcfqcs00085.o
 0002:00000c28       _av_strerror               10011c28     avutil:dyyocs00447.o
 0002:00000c34       _av_dict_set               10011c34     avutil:dyyocs00110.o
 0002:00000c40       _av_dict_set_int           10011c40     avutil:dyyocs00111.o
 0002:00000c4c       _av_dict_free              10011c4c     avutil:dyyocs00106.o
 0002:00000c58       _av_opt_set                10011c58     avutil:dyyocs00364.o
 0002:00000c64       _av_free                   10011c64     avutil:dyyocs00203.o
 0002:00000c70       _av_freep                  10011c70     avutil:dyyocs00204.o
 0002:00000c7c       _av_frame_alloc            10011c7c     avutil:dyyocs00161.o
 0002:00000c88       _av_frame_free             10011c88     avutil:dyyocs00166.o
 0002:00000c94       _av_frame_make_writable    10011c94     avutil:dyyocs00183.o
 0002:00000ca0       _av_image_alloc            10011ca0     avutil:dyyocs00274.o
 0002:00000cac       _av_rescale_q              10011cac     avutil:dyyocs00408.o
 0002:00000cb8       _av_rescale_q_rnd          10011cb8     avutil:dyyocs00409.o
 0002:00002a80       ??0CBaseRtsp@@QAE@PAD@Z    10013a80 f   CBaseRtsp.obj
 0002:00002ae0       ??1CBaseRtsp@@UAE@XZ       10013ae0 f   CBaseRtsp.obj
 0002:00002b20       ??_GCBaseRtsp@@UAEPAXI@Z   10013b20 f i CBaseRtsp.obj
 0002:00002b20       ??_ECBaseRtsp@@UAEPAXI@Z   10013b20 f i CBaseRtsp.obj
 0002:00002b90       ?destroy_input@CBaseRtsp@@IAEXQAUVSInput@@@Z 10013b90 f   CBaseRtsp.obj
 0002:00002c30       ?destroy_output@CBaseRtsp@@IAEXQAUVSOutput@@@Z 10013c30 f   CBaseRtsp.obj
 0002:00002d30       ?get_ffmpeg_message@CBaseRtsp@@IAEPADH@Z 10013d30 f   CBaseRtsp.obj
 0002:00002dd0       ?open_input@CBaseRtsp@@IAEPAUVSInput@@QBD0_N@Z 10013dd0 f   CBaseRtsp.obj
 0002:00003100       ?open_output@CBaseRtsp@@IAEPAUVSOutput@@QBD0QBUVSInput@@_N@Z 10014100 f   CBaseRtsp.obj
 0002:000037b0       ?read_packet@CBaseRtsp@@IAEHPBUVSInput@@QAUAVPacket@@_N@Z 100147b0 f   CBaseRtsp.obj
 0002:00003920       ?setup@CBaseRtsp@@IAEXXZ   10014920 f   CBaseRtsp.obj
 0002:00003970       ??$?6U?$char_traits@D@std@@@std@@YAAAV?$basic_ostream@DU?$char_traits@D@std@@@0@AAV10@PBD@Z 10014970 f i Encoder.obj
 0002:00003f30       ??$_Allocate@D@std@@YAPADIPAD@Z 10014f30 f i Encoder.obj
 0002:00003fc0       ??$_Allocate@U_Container_proxy@std@@@std@@YAPAU_Container_proxy@0@IPAU10@@Z 10014fc0 f i Encoder.obj
 0002:00004060       ??$_Debug_pointer@D@std@@YAXPBDPB_WI@Z 10015060 f i Encoder.obj
 0002:000040d0       ??$addressof@D@std@@YAPADAAD@Z 100150d0 f i Encoder.obj
 0002:00004110       ??$construct@PADAAPAD@?$_Wrap_alloc@V?$allocator@D@std@@@std@@QAEXPAPADAAPAD@Z 10015110 f i Encoder.obj
 0002:00004180       ??$construct@PADAAPAD@?$allocator@D@std@@QAEXPAPADAAPAD@Z 10015180 f i Encoder.obj
 0002:00004280       ??$construct@PADAAPAD@?$allocator_traits@V?$allocator@D@std@@@std@@SAXAAV?$allocator@D@1@PAPADAAPAD@Z 10015280 f i Encoder.obj
 0002:000042e0       ??$construct@U_Container_proxy@std@@U12@@?$allocator@U_Container_proxy@std@@@std@@QAEXPAU_Container_proxy@1@$$QAU21@@Z 100152e0 f i Encoder.obj
 0002:000043f0       ??$destroy@PAD@?$_Wrap_alloc@V?$allocator@D@std@@@std@@QAEXPAPAD@Z 100153f0 f i Encoder.obj
 0002:00004450       ??$destroy@PAD@?$allocator@D@std@@QAEXPAPAD@Z 10015450 f i Encoder.obj
 0002:00004490       ??$destroy@PAD@?$allocator_traits@V?$allocator@D@std@@@std@@SAXAAV?$allocator@D@1@PAPAD@Z 10015490 f i Encoder.obj
 0002:000044e0       ??$destroy@U_Container_proxy@std@@@?$allocator@U_Container_proxy@std@@@std@@QAEXPAU_Container_proxy@1@@Z 100154e0 f i Encoder.obj
 0002:00004520       ??$endl@DU?$char_traits@D@std@@@std@@YAAAV?$basic_ostream@DU?$char_traits@D@std@@@0@AAV10@@Z 10015520 f i Encoder.obj
 0002:000045c0       ??$forward@AAPAD@std@@YAAAPADAAPAD@Z 100155c0 f i Encoder.obj
 0002:00004600       ??$forward@U_Container_proxy@std@@@std@@YA$$QAU_Container_proxy@0@AAU10@@Z 10015600 f i Encoder.obj
 0002:00004640       ??0?$_String_alloc@$0A@U?$_String_base_types@DV?$allocator@D@std@@@std@@@std@@QAE@ABV?$allocator@D@1@@Z 10015640 f i Encoder.obj
 0002:000046f0       ??0?$_String_val@U?$_Simple_types@D@std@@@std@@QAE@XZ 100156f0 f i Encoder.obj
 0002:00004770       ??0?$_Wrap_alloc@V?$allocator@D@std@@@std@@QAE@XZ 10015770 f i Encoder.obj
 0002:000047d0       ??0?$allocator@D@std@@QAE@XZ 100157d0 f i Encoder.obj
 0002:00004810       ??0?$allocator@U_Container_proxy@std@@@std@@QAE@XZ 10015810 f i Encoder.obj
 0002:00004850       ??0?$basic_string@DU?$char_traits@D@std@@V?$allocator@D@2@@std@@QAE@PBD@Z 10015850 f i Encoder.obj
 0002:00004920       ??0Encoder@@QAE@HHPBD@Z    10015920 f   Encoder.obj
 0002:00004d90       ??0_Container_proxy@std@@QAE@XZ 10015d90 f i Encoder.obj
 0002:00004de0       ??0_Generic_error_category@std@@QAE@XZ 10015de0 f i Encoder.obj
 0002:00004e40       ??0_Iostream_error_category@std@@QAE@XZ 10015e40 f i Encoder.obj
 0002:00004ea0       ??0_Sentry_base@?$basic_ostream@DU?$char_traits@D@std@@@std@@QAE@AAV12@@Z 10015ea0 f i Encoder.obj
 0002:00004f90       ??0_System_error_category@std@@QAE@XZ 10015f90 f i Encoder.obj
 0002:00004ff0       ??0error_category@std@@QAE@XZ 10015ff0 f i Encoder.obj
 0002:00005040       ??0error_condition@std@@QAE@HABVerror_category@1@@Z 10016040 f i Encoder.obj
 0002:00005090       ??0sentry@?$basic_ostream@DU?$char_traits@D@std@@@std@@QAE@AAV12@@Z 10016090 f i Encoder.obj
 0002:00005210       ??1?$_String_alloc@$0A@U?$_String_base_types@DV?$allocator@D@std@@@std@@@std@@QAE@XZ 10016210 f i Encoder.obj
 0002:00005270       ??1?$_String_val@U?$_Simple_types@D@std@@@std@@QAE@XZ 10016270 f i Encoder.obj
 0002:000052d0       ??1Encoder@@QAE@XZ         100162d0 f   Encoder.obj
 0002:00005410       ??1_Generic_error_category@std@@UAE@XZ 10016410 f i Encoder.obj
 0002:00005460       ??1_Iostream_error_category@std@@UAE@XZ 10016460 f i Encoder.obj
 0002:000054b0       ??1_Sentry_base@?$basic_ostream@DU?$char_traits@D@std@@@std@@QAE@XZ 100164b0 f i Encoder.obj
 0002:00005590       ??1_System_error_category@std@@UAE@XZ 10016590 f i Encoder.obj
 0002:000055e0       ??1error_category@std@@UAE@XZ 100165e0 f i Encoder.obj
 0002:00005620       ??1sentry@?$basic_ostream@DU?$char_traits@D@std@@@std@@QAE@XZ 10016620 f i Encoder.obj
 0002:000056b0       ??2@YAPAXIPAX@Z            100166b0 f i Encoder.obj
 0002:000056f0       ??3@YAXPAX0@Z              100166f0 f i Encoder.obj
 0002:00005720       ??8error_category@std@@QBE_NABV01@@Z 10016720 f i Encoder.obj
 0002:00005790       ??8error_condition@std@@QBE_NABV01@@Z 10016790 f i Encoder.obj
 0002:00005840       ??Bsentry@?$basic_ostream@DU?$char_traits@D@std@@@std@@QBE_NXZ 10016840 f i Encoder.obj
 0002:00005880       ??_G_Generic_error_category@std@@UAEPAXI@Z 10016880 f i Encoder.obj
 0002:00005880       ??_E_Generic_error_category@std@@UAEPAXI@Z 10016880 f i Encoder.obj
 0002:000058f0       ??_G_Iostream_error_category@std@@UAEPAXI@Z 100168f0 f i Encoder.obj
 0002:000058f0       ??_E_Iostream_error_category@std@@UAEPAXI@Z 100168f0 f i Encoder.obj
 0002:00005960       ??_E_System_error_category@std@@UAEPAXI@Z 10016960 f i Encoder.obj
 0002:00005960       ??_G_System_error_category@std@@UAEPAXI@Z 10016960 f i Encoder.obj
 0002:000059d0       ??_Gerror_category@std@@UAEPAXI@Z 100169d0 f i Encoder.obj
 0002:000059d0       ??_Eerror_category@std@@UAEPAXI@Z 100169d0 f i Encoder.obj
 0002:00005a40       ?_Alloc_proxy@?$_String_alloc@$0A@U?$_String_base_types@DV?$allocator@D@std@@@std@@@std@@QAEXXZ 10016a40 f i Encoder.obj
 0002:00005b10       ?_Copy@?$basic_string@DU?$char_traits@D@std@@V?$allocator@D@2@@std@@QAEXII@Z 10016b10 f i Encoder.obj
 0002:00005dd0       ?_Eos@?$basic_string@DU?$char_traits@D@std@@V?$allocator@D@2@@std@@QAEXI@Z 10016dd0 f i Encoder.obj
 0002:00005e50       ?_Free_proxy@?$_String_alloc@$0A@U?$_String_base_types@DV?$allocator@D@std@@@std@@@std@@QAEXXZ 10016e50 f i Encoder.obj
 0002:00005f30       ?_Getal@?$_String_alloc@$0A@U?$_String_base_types@DV?$allocator@D@std@@@std@@@std@@QBE?AU?$_Wrap_alloc@V?$allocator@D@std@@@2@XZ 10016f30 f i Encoder.obj
 0002:00005f90       ?_Grow@?$basic_string@DU?$char_traits@D@std@@V?$allocator@D@2@@std@@QAE_NI_N@Z 10016f90 f i Encoder.obj
 0002:000060b0       ?_Inside@?$basic_string@DU?$char_traits@D@std@@V?$allocator@D@2@@std@@QAE_NPBD@Z 100170b0 f i Encoder.obj
 0002:00006130       ?_Myptr@?$_String_val@U?$_Simple_types@D@std@@@std@@QAEPADXZ 10017130 f i Encoder.obj
 0002:000061c0       ?_Myptr@?$_String_val@U?$_Simple_types@D@std@@@std@@QBEPBDXZ 100171c0 f i Encoder.obj
 0002:00006250       ?_Tidy@?$basic_string@DU?$char_traits@D@std@@V?$allocator@D@2@@std@@QAEX_NI@Z 10017250 f i Encoder.obj
 0002:00006360       ?_Xlen@?$basic_string@DU?$char_traits@D@std@@V?$allocator@D@2@@std@@QBEXXZ 10017360 f i Encoder.obj
 0002:000063c0       ?_Xran@?$basic_string@DU?$char_traits@D@std@@V?$allocator@D@2@@std@@QBEXXZ 100173c0 f i Encoder.obj
 0002:00006420       ?allocate@?$_Wrap_alloc@V?$allocator@D@std@@@std@@QAEPADI@Z 10017420 f i Encoder.obj
 0002:00006480       ?allocate@?$allocator@D@std@@QAEPADI@Z 10017480 f i Encoder.obj
 0002:000064e0       ?allocate@?$allocator@U_Container_proxy@std@@@std@@QAEPAU_Container_proxy@2@I@Z 100174e0 f i Encoder.obj
 0002:00006540       ?assign@?$basic_string@DU?$char_traits@D@std@@V?$allocator@D@2@@std@@QAEAAV12@ABV12@II@Z 10017540 f i Encoder.obj
 0002:00006650       ?assign@?$basic_string@DU?$char_traits@D@std@@V?$allocator@D@2@@std@@QAEAAV12@PBD@Z 10017650 f i Encoder.obj
 0002:000066e0       ?assign@?$basic_string@DU?$char_traits@D@std@@V?$allocator@D@2@@std@@QAEAAV12@PBDI@Z 100176e0 f i Encoder.obj
 0002:000067e0       ?assign@?$char_traits@D@std@@SAXAADABD@Z 100177e0 f i Encoder.obj
 0002:00006820       ?category@error_code@std@@QBEABVerror_category@2@XZ 10017820 f i Encoder.obj
 0002:00006860       ?category@error_condition@std@@QBEABVerror_category@2@XZ 10017860 f i Encoder.obj
 0002:000068a0       ?copy@?$char_traits@D@std@@SAPADPADPBDI@Z 100178a0 f i Encoder.obj
 0002:00006920       ?deallocate@?$_Wrap_alloc@V?$allocator@D@std@@@std@@QAEXPADI@Z 10017920 f i Encoder.obj
 0002:00006980       ?deallocate@?$allocator@D@std@@QAEXPADI@Z 10017980 f i Encoder.obj
 0002:000069e0       ?deallocate@?$allocator@U_Container_proxy@std@@@std@@QAEXPAU_Container_proxy@2@I@Z 100179e0 f i Encoder.obj
 0002:00006a40       ?default_error_condition@_System_error_category@std@@UBE?AVerror_condition@2@H@Z 10017a40 f i Encoder.obj
 0002:00006af0       ?default_error_condition@error_category@std@@UBE?AVerror_condition@2@H@Z 10017af0 f i Encoder.obj
 0002:00006b50       ?eof@?$char_traits@D@std@@SAHXZ 10017b50 f i Encoder.obj
 0002:00006b90       ?eq_int_type@?$char_traits@D@std@@SA_NABH0@Z 10017b90 f i Encoder.obj
 0002:00006bf0       ?equivalent@error_category@std@@UBE_NABVerror_code@2@H@Z 10017bf0 f i Encoder.obj
 0002:00006c90       ?equivalent@error_category@std@@UBE_NHABVerror_condition@2@@Z 10017c90 f i Encoder.obj
 0002:00006d10       ?erase@?$basic_string@DU?$char_traits@D@std@@V?$allocator@D@2@@std@@QAEAAV12@I@Z 10017d10 f i Encoder.obj
 0002:00006d90       ?erase@?$basic_string@DU?$char_traits@D@std@@V?$allocator@D@2@@std@@QAEAAV12@II@Z 10017d90 f i Encoder.obj
 0002:00006e70       ?generic_category@std@@YAABVerror_category@1@XZ 10017e70 f i Encoder.obj
 0002:00006eb0       ?length@?$char_traits@D@std@@SAIPBD@Z 10017eb0 f i Encoder.obj
 0002:00006f30       ?max_size@?$_Wrap_alloc@V?$allocator@D@std@@@std@@QBEIXZ 10017f30 f i Encoder.obj
 0002:00006f90       ?max_size@?$allocator@D@std@@QBEIXZ 10017f90 f i Encoder.obj
 0002:00006fd0       ?max_size@?$allocator_traits@V?$allocator@D@std@@@std@@SAIABV?$allocator@D@2@@Z 10017fd0 f i Encoder.obj
 0002:00007020       ?max_size@?$basic_string@DU?$char_traits@D@std@@V?$allocator@D@2@@std@@QBEIXZ 10018020 f i Encoder.obj
 0002:000070c0       ?message@_Generic_error_category@std@@UBE?AV?$basic_string@DU?$char_traits@D@std@@V?$allocator@D@2@@2@H@Z 100180c0 f i Encoder.obj
 0002:00007180       ?message@_Iostream_error_category@std@@UBE?AV?$basic_string@DU?$char_traits@D@std@@V?$allocator@D@2@@2@H@Z 10018180 f i Encoder.obj
 0002:00007240       ?message@_System_error_category@std@@UBE?AV?$basic_string@DU?$char_traits@D@std@@V?$allocator@D@2@@2@H@Z 10018240 f i Encoder.obj
 0002:00007300       ?move@?$char_traits@D@std@@SAPADPADPBDI@Z 10018300 f i Encoder.obj
 0002:00007390       ?name@_Generic_error_category@std@@UBEPBDXZ 10018390 f i Encoder.obj
 0002:000073d0       ?name@_Iostream_error_category@std@@UBEPBDXZ 100183d0 f i Encoder.obj
 0002:00007410       ?name@_System_error_category@std@@UBEPBDXZ 10018410 f i Encoder.obj
 0002:00007450       ?size@?$basic_string@DU?$char_traits@D@std@@V?$allocator@D@2@@std@@QBEIXZ 10018450 f i Encoder.obj
 0002:00007490       ?system_category@std@@YAABVerror_category@1@XZ 10018490 f i Encoder.obj
 0002:000074d0       ?value@error_code@std@@QBEHXZ 100184d0 f i Encoder.obj
 0002:00007510       ?value@error_condition@std@@QBEHXZ 10018510 f i Encoder.obj
 0002:00007550       ?video_encode_example@Encoder@@QAEXPBDW4AVCodecID@@@Z 10018550 f   Encoder.obj
 0002:00007f00       ?write@Encoder@@QAEHPAUAVFrame@@@Z 10018f00 f   Encoder.obj
 0002:000080b0       _hypot                     100190b0 f i Encoder.obj
 0002:00008130       _Online@8                  10019130 f   CMain.obj
 0002:00008270       _Record@8                  10019270 f   CMain.obj
 0002:000083b0       ??0CRtspOnline@@QAE@PADP6GXPAEH@Z@Z 100193b0 f   CRtspOnline.obj
 0002:00008420       ??1CRtspOnline@@UAE@XZ     10019420 f   CRtspOnline.obj
 0002:00008480       ??_ECRtspOnline@@UAEPAXI@Z 10019480 f i CRtspOnline.obj
 0002:00008480       ??_GCRtspOnline@@UAEPAXI@Z 10019480 f i CRtspOnline.obj
 0002:000084f0       ?Start@CRtspOnline@@UAEHXZ 100194f0 f   CRtspOnline.obj
 0002:00008800       ?write_packet2@CRtspOnline@@IAEHQBUVSInput@@QAUVSOutput@@QAUAVPacket@@_N@Z 10019800 f   CRtspOnline.obj
 0002:00008e50       ?write_packet@CRtspOnline@@IAEHQBUVSInput@@P6GXPAEH@ZQAUAVPacket@@_N@Z 10019e50 f   CRtspOnline.obj
 0002:00008fb0       ??0CRtspRecorder@@QAE@PAD0@Z 10019fb0 f   CRtspRecorder.obj
 0002:00009020       ??1CRtspRecorder@@UAE@XZ   1001a020 f   CRtspRecorder.obj
 0002:00009080       ??_GCRtspRecorder@@UAEPAXI@Z 1001a080 f i CRtspRecorder.obj
 0002:00009080       ??_ECRtspRecorder@@UAEPAXI@Z 1001a080 f i CRtspRecorder.obj
 0002:000090f0       ?Start@CRtspRecorder@@UAEHXZ 1001a0f0 f   CRtspRecorder.obj
 0002:00009260       ?write_packet@CRtspRecorder@@IAEHQBUVSInput@@QAUVSOutput@@QAUAVPacket@@_N@Z 1001a260 f   CRtspRecorder.obj
 0002:000098a6       __purecall                 1001a8a6 f   MSVCRTD:MSVCR120D.dll
 0002:000098ac       ??2@YAPAXI@Z               1001a8ac f   MSVCRTD:MSVCR120D.dll
 0002:000098b2       ??3@YAXPAX@Z               1001a8b2 f   MSVCRTD:MSVCR120D.dll
 0002:000098b8       __errno                    1001a8b8 f   MSVCRTD:MSVCR120D.dll
 0002:000098be       _printf                    1001a8be f   MSVCRTD:MSVCR120D.dll
 0002:000098c4       _calloc                    1001a8c4 f   MSVCRTD:MSVCR120D.dll
 0002:000098ca       _free                      1001a8ca f   MSVCRTD:MSVCR120D.dll
 0002:000098d0       _memset                    1001a8d0 f   MSVCRTD:MSVCR120D.dll
 0002:000098d6       _strlen                    1001a8d6 f   MSVCRTD:MSVCR120D.dll
 0002:000098dc       _strerror                  1001a8dc f   MSVCRTD:MSVCR120D.dll
 0002:000098f0       @_RTC_AllocaHelper@12      1001a8f0 f   MSVCRTD:stack.obj
 0002:00009930       @_RTC_CheckStackVars2@12   1001a930 f   MSVCRTD:stack.obj
 0002:00009a40       @_RTC_CheckStackVars@8     1001aa40 f   MSVCRTD:stack.obj
 0002:00009ab0       __RTC_CheckEsp             1001aab0 f   MSVCRTD:stack.obj
 0002:00009ae0       __RTC_InitBase             1001aae0 f   MSVCRTD:init.obj
 0002:00009b20       __RTC_Shutdown             1001ab20 f   MSVCRTD:init.obj
 0002:00009b40       ??0type_info@@AAE@ABV0@@Z  1001ab40 f   MSVCRTD:ti_inst.obj
 0002:00009b60       ??4type_info@@AAEAAV0@ABV0@@Z 1001ab60 f   MSVCRTD:ti_inst.obj
 0002:00009b80       ??_Etype_info@@UAEPAXI@Z   1001ab80 f i MSVCRTD:ti_inst.obj
 0002:00009c10       ___atonexitinit            1001ac10 f   MSVCRTD:atonexit.obj
 0002:00009cf0       __onexit                   1001acf0 f   MSVCRTD:atonexit.obj
 0002:00009e30       _atexit                    1001ae30 f   MSVCRTD:atonexit.obj
 0002:00009e66       ___iob_func                1001ae66 f   MSVCRTD:MSVCR120D.dll
 0002:00009e6c       _fclose                    1001ae6c f   MSVCRTD:MSVCR120D.dll
 0002:00009e72       _fflush                    1001ae72 f   MSVCRTD:MSVCR120D.dll
 0002:00009e78       _fopen                     1001ae78 f   MSVCRTD:MSVCR120D.dll
 0002:00009e7e       _fprintf                   1001ae7e f   MSVCRTD:MSVCR120D.dll
 0002:00009e84       _fwrite                    1001ae84 f   MSVCRTD:MSVCR120D.dll
 0002:00009e8a       __hypot                    1001ae8a f   MSVCRTD:MSVCR120D.dll
 0002:00009e90       _exit                      1001ae90 f   MSVCRTD:MSVCR120D.dll
 0002:00009e96       _memcpy                    1001ae96 f   MSVCRTD:MSVCR120D.dll
 0002:00009e9c       _memmove                   1001ae9c f   MSVCRTD:MSVCR120D.dll
 0002:00009eb0       @__security_check_cookie@4 1001aeb0 f   MSVCRTD:secchk.obj
 0002:00009ec2       __CxxThrowException@8      1001aec2 f   MSVCRTD:MSVCR120D.dll
 0002:00009ec8       ___CxxFrameHandler3        1001aec8 f   MSVCRTD:MSVCR120D.dll
 0002:00009ed0       _fopen_s                   1001aed0 f   MSVCRTD:MSVCR120D.dll
 0002:00009ed6       _system                    1001aed6 f   MSVCRTD:MSVCR120D.dll
 0002:00009ee0       __alloca_probe             1001aee0 f   MSVCRTD:chkstk.obj
 0002:00009ee0       __chkstk                   1001aee0 f   MSVCRTD:chkstk.obj
 0002:00009fc0       _NtCurrentTeb              1001afc0 f i MSVCRTD:crtdll.obj
 0002:00009fd0       __CRT_INIT@12              1001afd0 f   MSVCRTD:crtdll.obj
 0002:0000a360       __DllMainCRTStartup@12     1001b360 f   MSVCRTD:crtdll.obj
 0002:0000a760       ?_RTC_AllocaFailure@@YAXPAXPAU_RTC_ALLOCA_NODE@@H@Z 1001b760 f   MSVCRTD:error.obj
 0002:0000a940       ?_RTC_Failure@@YAXPAXH@Z   1001b940 f   MSVCRTD:error.obj
 0002:0000a9b0       ?_RTC_StackFailure@@YAXPAXPBD@Z 1001b9b0 f   MSVCRTD:error.obj
 0002:0000ae10       __RTC_UninitUse            1001be10 f   MSVCRTD:error.obj
 0002:0000af40       ?_RTC_GetErrorFunc@@YAP6AHHPBDH00ZZPBX@Z 1001bf40 f   MSVCRTD:userapi.obj
 0002:0000af50       ?_RTC_GetErrorFuncW@@YAP6AHHPB_WH00ZZPBX@Z 1001bf50 f   MSVCRTD:userapi.obj
 0002:0000af60       __RTC_GetErrDesc           1001bf60 f   MSVCRTD:userapi.obj
 0002:0000af80       __RTC_NumErrors            1001bf80 f   MSVCRTD:userapi.obj
 0002:0000af90       __RTC_SetErrorFunc         1001bf90 f   MSVCRTD:userapi.obj
 0002:0000afc0       __RTC_SetErrorFuncW        1001bfc0 f   MSVCRTD:userapi.obj
 0002:0000aff0       __RTC_SetErrorType         1001bff0 f   MSVCRTD:userapi.obj
 0002:0000b01c       __CRT_RTC_INITW            1001c01c f   MSVCRTD:MSVCR120D.dll
 0002:0000b030       ??_M@YGXPAXIHP6EX0@Z@Z     1001c030 f   MSVCRTD:ehvecdtr.obj
 0002:0000b150       ?__ArrayUnwind@@YGXPAXIHP6EX0@Z@Z 1001c150 f   MSVCRTD:ehvecdtr.obj
 0002:0000b1fc       ??1type_info@@UAE@XZ       1001c1fc f   MSVCRTD:MSVCR120D.dll
 0002:0000b202       __lock                     1001c202 f   MSVCRTD:MSVCR120D.dll
 0002:0000b208       __unlock                   1001c208 f   MSVCRTD:MSVCR120D.dll
 0002:0000b20e       __CrtDbgReportW            1001c20e f   MSVCRTD:MSVCR120D.dll
 0002:0000b214       __calloc_dbg               1001c214 f   MSVCRTD:MSVCR120D.dll
 0002:0000b21a       ___dllonexit               1001c21a f   MSVCRTD:MSVCR120D.dll
 0002:0000b220       __except_handler4          1001c220 f   MSVCRTD:chandler4gs.obj
 0002:0000b250       ___raise_securityfailure   1001c250 f   MSVCRTD:gs_report.obj
 0002:0000b2b0       ___report_gsfailure        1001c2b0 f   MSVCRTD:gs_report.obj
 0002:0000b400       ___report_rangecheckfailure 1001c400 f   MSVCRTD:gs_report.obj
 0002:0000b410       ___report_securityfailure  1001c410 f   MSVCRTD:gs_report.obj
 0002:0000b520       ___report_securityfailureEx 1001c520 f   MSVCRTD:gs_report.obj
 0002:0000b68e       ___CppXcptFilter           1001c68e f   MSVCRTD:MSVCR120D.dll
 0002:0000b694       __amsg_exit                1001c694 f   MSVCRTD:MSVCR120D.dll
 0002:0000b69a       __malloc_dbg               1001c69a f   MSVCRTD:MSVCR120D.dll
 0002:0000b6a0       __free_dbg                 1001c6a0 f   MSVCRTD:MSVCR120D.dll
 0002:0000b6a6       __CrtSetCheckCount         1001c6a6 f   MSVCRTD:MSVCR120D.dll
 0002:0000b6b0       __FindPESection            1001c6b0 f   MSVCRTD:pesect.obj
 0002:0000b740       __IsNonwritableInCurrentImage 1001c740 f   MSVCRTD:pesect.obj
 0002:0000b8c0       __ValidateImageBase        1001c8c0 f   MSVCRTD:pesect.obj
 0002:0000b940       ___security_init_cookie    1001c940 f   MSVCRTD:gs_support.obj
 0002:0000ba60       _DllMain@12                1001ca60 f   MSVCRTD:dllmain.obj
 0002:0000ba90       __RTC_Initialize           1001ca90 f   MSVCRTD:initsect.obj
 0002:0000bac0       __RTC_Terminate            1001cac0 f   MSVCRTD:initsect.obj
 0002:0000baee       __initterm                 1001caee f   MSVCRTD:MSVCR120D.dll
 0002:0000baf4       __initterm_e               1001caf4 f   MSVCRTD:MSVCR120D.dll
 0002:0000bb00       ___clean_type_info_names   1001cb00 f   MSVCRTD:tncleanup.obj
 0002:0000c080       ?_RTC_GetSrcLine@@YAHPAEPA_WKPAH1K@Z 1001d080 f   MSVCRTD:pdblkup.obj
 0002:0000c3da       ?terminate@@YAXXZ          1001d3da f   MSVCRTD:MSVCR120D.dll
 0002:0000c3e0       __except_handler4_common   1001d3e0 f   MSVCRTD:MSVCR120D.dll
 0002:0000c3e6       __crt_debugger_hook        1001d3e6 f   MSVCRTD:MSVCR120D.dll
 0002:0000c3ec       ___crtUnhandledException   1001d3ec f   MSVCRTD:MSVCR120D.dll
 0002:0000c3f2       ___crtTerminateProcess     1001d3f2 f   MSVCRTD:MSVCR120D.dll
 0002:0000c3f8       ___clean_type_info_names_internal 1001d3f8 f   MSVCRTD:MSVCR120D.dll
 0002:0000c3fe       _wcscpy_s                  1001d3fe f   MSVCRTD:MSVCR120D.dll
 0002:0000c404       __wmakepath_s              1001d404 f   MSVCRTD:MSVCR120D.dll
 0002:0000c40a       __wsplitpath_s             1001d40a f   MSVCRTD:MSVCR120D.dll
 0002:0000c410       ?uncaught_exception@std@@YA_NXZ 1001d410 f   msvcprtd:MSVCP120D.dll
 0002:0000c416       ?_Debug_message@std@@YAXPB_W0I@Z 1001d416 f   msvcprtd:MSVCP120D.dll
 0002:0000c41c       ??0_Container_base12@std@@QAE@XZ 1001d41c f   msvcprtd:MSVCP120D.dll
 0002:0000c422       ??1_Container_base12@std@@QAE@XZ 1001d422 f   msvcprtd:MSVCP120D.dll
 0002:0000c428       ?_Orphan_all@_Container_base12@std@@QAEXXZ 1001d428 f   msvcprtd:MSVCP120D.dll
 0002:0000c42e       ?_Xbad_alloc@std@@YAXXZ    1001d42e f   msvcprtd:MSVCP120D.dll
 0002:0000c434       ?_Xlength_error@std@@YAXPBD@Z 1001d434 f   msvcprtd:MSVCP120D.dll
 0002:0000c43a       ?_Xout_of_range@std@@YAXPBD@Z 1001d43a f   msvcprtd:MSVCP120D.dll
 0002:0000c440       ?_Syserror_map@std@@YAPBDH@Z 1001d440 f   msvcprtd:MSVCP120D.dll
 0002:0000c446       ?_Winerror_map@std@@YAPBDH@Z 1001d446 f   msvcprtd:MSVCP120D.dll
 0002:0000c44c       ?good@ios_base@std@@QBE_NXZ 1001d44c f   msvcprtd:MSVCP120D.dll
 0002:0000c452       ?flags@ios_base@std@@QBEHXZ 1001d452 f   msvcprtd:MSVCP120D.dll
 0002:0000c458       ?width@ios_base@std@@QBE_JXZ 1001d458 f   msvcprtd:MSVCP120D.dll
 0002:0000c45e       ?width@ios_base@std@@QAE_J_J@Z 1001d45e f   msvcprtd:MSVCP120D.dll
 0002:0000c464       ?sputc@?$basic_streambuf@DU?$char_traits@D@std@@@std@@QAEHD@Z 1001d464 f   msvcprtd:MSVCP120D.dll
 0002:0000c46a       ?sputn@?$basic_streambuf@DU?$char_traits@D@std@@@std@@QAE_JPBD_J@Z 1001d46a f   msvcprtd:MSVCP120D.dll
 0002:0000c470       ?setstate@?$basic_ios@DU?$char_traits@D@std@@@std@@QAEXH_N@Z 1001d470 f   msvcprtd:MSVCP120D.dll
 0002:0000c476       ?tie@?$basic_ios@DU?$char_traits@D@std@@@std@@QBEPAV?$basic_ostream@DU?$char_traits@D@std@@@2@XZ 1001d476 f   msvcprtd:MSVCP120D.dll
 0002:0000c47c       ?rdbuf@?$basic_ios@DU?$char_traits@D@std@@@std@@QBEPAV?$basic_streambuf@DU?$char_traits@D@std@@@2@XZ 1001d47c f   msvcprtd:MSVCP120D.dll
 0002:0000c482       ?fill@?$basic_ios@DU?$char_traits@D@std@@@std@@QBEDXZ 1001d482 f   msvcprtd:MSVCP120D.dll
 0002:0000c488       ?widen@?$basic_ios@DU?$char_traits@D@std@@@std@@QBEDD@Z 1001d488 f   msvcprtd:MSVCP120D.dll
 0002:0000c48e       ?_Osfx@?$basic_ostream@DU?$char_traits@D@std@@@std@@QAEXXZ 1001d48e f   msvcprtd:MSVCP120D.dll
 0002:0000c494       ??6?$basic_ostream@DU?$char_traits@D@std@@@std@@QAEAAV01@P6AAAV01@AAV01@@Z@Z 1001d494 f   msvcprtd:MSVCP120D.dll
 0002:0000c49a       ?put@?$basic_ostream@DU?$char_traits@D@std@@@std@@QAEAAV12@D@Z 1001d49a f   msvcprtd:MSVCP120D.dll
 0002:0000c4a0       ?flush@?$basic_ostream@DU?$char_traits@D@std@@@std@@QAEAAV12@XZ 1001d4a0 f   msvcprtd:MSVCP120D.dll
 0002:0000c4a6       _EncodePointer@4           1001d4a6 f   kernel32:KERNEL32.dll
 0002:0000c4ac       _DecodePointer@4           1001d4ac f   kernel32:KERNEL32.dll
 0002:0000c4b2       _IsDebuggerPresent@0       1001d4b2 f   kernel32:KERNEL32.dll
 0002:0000c4b8       _RaiseException@16         1001d4b8 f   kernel32:KERNEL32.dll
 0002:0000c4be       _GetLastError@0            1001d4be f   kernel32:KERNEL32.dll
 0002:0000c4c4       _GetProcAddress@8          1001d4c4 f   kernel32:KERNEL32.dll
 0002:0000c4ca       _LoadLibraryExW@12         1001d4ca f   kernel32:KERNEL32.dll
 0002:0000c4d0       _MultiByteToWideChar@24    1001d4d0 f   kernel32:KERNEL32.dll
 0002:0000c4d6       _WideCharToMultiByte@32    1001d4d6 f   kernel32:KERNEL32.dll
 0002:0000c4dc       _IsProcessorFeaturePresent@4 1001d4dc f   kernel32:KERNEL32.dll
 0002:0000c4e2       _QueryPerformanceCounter@4 1001d4e2 f   kernel32:KERNEL32.dll
 0002:0000c4e8       _GetCurrentProcessId@0     1001d4e8 f   kernel32:KERNEL32.dll
 0002:0000c4ee       _GetCurrentThreadId@0      1001d4ee f   kernel32:KERNEL32.dll
 0002:0000c4f4       _GetSystemTimeAsFileTime@4 1001d4f4 f   kernel32:KERNEL32.dll
 0002:0000c4fa       _DisableThreadLibraryCalls@4 1001d4fa f   kernel32:KERNEL32.dll
 0002:0000c500       _HeapAlloc@12              1001d500 f   kernel32:KERNEL32.dll
 0002:0000c506       _HeapFree@12               1001d506 f   kernel32:KERNEL32.dll
 0002:0000c50c       _GetProcessHeap@0          1001d50c f   kernel32:KERNEL32.dll
 0002:0000c512       _VirtualQuery@12           1001d512 f   kernel32:KERNEL32.dll
 0002:0000c518       _FreeLibrary@4             1001d518 f   kernel32:KERNEL32.dll
 0002:0000c51e       _GetModuleFileNameW@12     1001d51e f   kernel32:KERNEL32.dll
 0002:0000c524       _GetModuleHandleW@4        1001d524 f   kernel32:KERNEL32.dll
 0003:00000000       ___xc_a                    10021000     MSVCRTD:cinitexe.obj
 0003:00000220       ___xc_z                    10021220     MSVCRTD:cinitexe.obj
 0003:00000324       ___xi_a                    10021324     MSVCRTD:cinitexe.obj
 0003:00000630       ___xi_z                    10021630     MSVCRTD:cinitexe.obj
 0003:0000077c       ??_7CBaseRtsp@@6B@         1002177c     CBaseRtsp.obj
 0003:00000788       ??_C@_03OFAPEBGM@?$CFs?6?$AA@ 10021788     CBaseRtsp.obj
 0003:0000078c       ??_C@_0BK@JMEMLLIC@unable?5to?5open?5input?3?5?$CFs?6?$AA@ 1002178c     CBaseRtsp.obj
 0003:000007ac       ??_C@_0BM@LDDNMNNN@failed?5to?5find?5stream?5info?6?$AA@ 100217ac     CBaseRtsp.obj
 0003:000007d0       ??_C@_0BK@IJCGEBLO@skip?5non?9video?5stream?5?$CFu?6?$AA@ 100217d0     CBaseRtsp.obj
 0003:000007f0       ??_C@_0BH@OFBIKMPH@no?5video?5stream?5found?6?$AA@ 100217f0     CBaseRtsp.obj
 0003:0000080c       ??_C@_0BJ@KOIJJJKM@output?5format?5not?5found?6?$AA@ 1002180c     CBaseRtsp.obj
 0003:0000082c       ??_C@_0CB@KECJIPNA@unable?5to?5create?5output?5context?6@ 1002182c     CBaseRtsp.obj
 0003:00000854       ??_C@_0BG@IBCIDKIC@unable?5to?5add?5stream?6?$AA@ 10021854     CBaseRtsp.obj
 0003:00000870       ??_C@_0CB@IMNNBNEI@unable?5to?5copy?5codec?5parameters?6@ 10021870     CBaseRtsp.obj
 0003:00000898       ??_C@_0BM@PMNHFIIL@unable?5to?5open?5output?5file?6?$AA@ 10021898     CBaseRtsp.obj
 0003:000008bc       ??_C@_0BJ@GOGFGOOG@frag_keyframe?$CLempty_moov?$AA@ 100218bc     CBaseRtsp.obj
 0003:000008dc       ??_C@_08HKNGMLFJ@movflags?$AA@ 100218dc     CBaseRtsp.obj
 0003:000008e8       ??_C@_0BM@EICPGGHH@unable?5to?5set?5movflags?5opt?6?$AA@ 100218e8     CBaseRtsp.obj
 0003:0000090c       ??_C@_0O@MAOBCJNG@flush_packets?$AA@ 1002190c     CBaseRtsp.obj
 0003:0000091c       ??_C@_0CB@BFPNCJEG@unable?5to?5set?5flush_packets?5opt?6@ 1002191c     CBaseRtsp.obj
 0003:00000944       ??_C@_04PNFCACLP@mp42?$AA@ 10021944     CBaseRtsp.obj
 0003:0000094c       ??_C@_05EIFBJLEN@brand?$AA@ 1002194c     CBaseRtsp.obj
 0003:00000954       ??_C@_0BJ@OPAEJPIC@unable?5to?5set?5brand?5opt?6?$AA@ 10021954     CBaseRtsp.obj
 0003:00000974       ??_C@_0BI@DIFJBOGA@unable?5to?5write?5header?6?$AA@ 10021974     CBaseRtsp.obj
 0003:00000990       ??_C@_02MIGHPNDL@12?$AA@   10021990     CBaseRtsp.obj
 0003:00000994       ??_C@_03JDPKAIBB@crf?$AA@  10021994     CBaseRtsp.obj
 0003:00000998       ??_C@_04GHJNJNPO@main?$AA@ 10021998     CBaseRtsp.obj
 0003:000009a0       ??_C@_07LNMDFKEJ@profile?$AA@ 100219a0     CBaseRtsp.obj
 0003:000009ac       ??_C@_04NFKKLJGK@slow?$AA@ 100219ac     CBaseRtsp.obj
 0003:000009b4       ??_C@_06OFAGBOBG@preset?$AA@ 100219b4     CBaseRtsp.obj
 0003:000009bc       ??_C@_0BG@MENKHCAD@unable?5to?5read?5frame?6?$AA@ 100219bc     CBaseRtsp.obj
 0003:000009d8       ??_C@_0ED@MCDNMMDC@skipping?5packet?5from?5input?5strea@ 100219d8     CBaseRtsp.obj
 0003:00000a28       ??_C@_0BJ@KNENHOPK@unable?5to?5write?5trailer?6?$AA@ 10021a28     CBaseRtsp.obj
 0003:00000a48       ??_C@_0BE@JIPFOIHA@avio_closep?5failed?6?$AA@ 10021a48     CBaseRtsp.obj
 0003:00000a64       ??_7error_category@std@@6B@ 10021a64     Encoder.obj
 0003:00000a88       ??_7_Generic_error_category@std@@6B@ 10021a88     Encoder.obj
 0003:00000aa8       ??_C@_07DCLBNMLN@generic?$AA@ 10021aa8     Encoder.obj
 0003:00000ab4       ??_C@_0O@BFJCFAAK@unknown?5error?$AA@ 10021ab4     Encoder.obj
 0003:00000ac8       ??_7_Iostream_error_category@std@@6B@ 10021ac8     Encoder.obj
 0003:00000ae8       ??_C@_08LLGCOLLL@iostream?$AA@ 10021ae8     Encoder.obj
 0003:00000af4       ??_C@_0BG@PADBLCHM@iostream?5stream?5error?$AA@ 10021af4     Encoder.obj
 0003:00000b14       ??_7_System_error_category@std@@6B@ 10021b14     Encoder.obj
 0003:00000b34       ??_C@_06FHFOAHML@system?$AA@ 10021b34     Encoder.obj
 0003:00000b40       ??_C@_0EB@PGNDEOOG@Could?5not?5deduce?5output?5format?5f@ 10021b40     Encoder.obj
 0003:00000b90       ??_C@_05PJMPILHE@mpeg4?$AA@ 10021b90     Encoder.obj
 0003:00000b98       ??_C@_09KPDELNNI@faststart?$AA@ 10021b98     Encoder.obj
 0003:00000ba4       ??_C@_01GBGANLPD@0?$AA@    10021ba4     Encoder.obj
 0003:00000ba8       ??_C@_09CBKKBLN@b?9pyramid?$AA@ 10021ba8     Encoder.obj
 0003:00000bb4       ??_C@_0BB@NCEGHNOB@cleaning?5Encoder?$AA@ 10021bb4     Encoder.obj
 0003:00000bc8       ??_C@_0BM@IBNMAMJB@error?5writing?5delayed?5frame?$AA@ 10021bc8     Encoder.obj
 0003:00000bec       ??_C@_0BG@EIDOJBIJ@Encode?5video?5file?5?$CFs?6?$AA@ 10021bec     Encoder.obj
 0003:00000c08       ??_C@_0BB@NMBKMEMG@Codec?5not?5found?6?$AA@ 10021c08     Encoder.obj
 0003:00000c1c       ??_C@_0CI@LGBCMMOI@Could?5not?5allocate?5video?5codec?5c@ 10021c1c     Encoder.obj
 0003:00000c4c       ??_C@_0BG@EOMHHNA@Could?5not?5open?5codec?6?$AA@ 10021c4c     Encoder.obj
 0003:00000c68       ??_C@_0CA@BLCALJBM@Could?5not?5allocate?5video?5frame?6?$AA@ 10021c68     Encoder.obj
 0003:00000c90       ??_C@_0CH@GBANLKJD@Could?5not?5allocate?5raw?5picture?5b@ 10021c90     Encoder.obj
 0003:00000cc0       ??_C@_02GMLFBBN@wb?$AA@    10021cc0     Encoder.obj
 0003:00000cc4       ??_C@_0BD@EALIIPPB@Could?5not?5open?5?$CFs?6?$AA@ 10021cc4     Encoder.obj
 0003:00000cdc       ??_C@_0BG@JJIEKFAM@Error?5encoding?5frame?6?$AA@ 10021cdc     Encoder.obj
 0003:00000cf8       ??_C@_0BM@IFLILFDM@Write?5frame?5?$CF3d?5?$CIsize?$DN?$CF5d?$CJ?6?$AA@ 10021cf8     Encoder.obj
 0003:00000d1c       ??_C@_01EEMJAFIK@?6?$AA@   10021d1c     Encoder.obj
 0003:00000d20       ??_C@_1IO@JLPDPDPD@?$AAc?$AA?3?$AA?2?$AAp?$AAr?$AAo?$AAg?$AAr?$AAa?$AAm?$AA?5?$AAf?$AAi?$AAl?$AAe?$AAs?$AA?5?$AA?$CI?$AAx?$AA8?$AA6?$AA?$CJ?$AA?2?$AAm?$AAi?$AAc?$AAr?$AAo?$AAs?$AAo?$AAf?$AAt@ 10021d20     Encoder.obj
 0003:00000dcc       ??_C@_0BA@JFNIOLAK@string?5too?5long?$AA@ 10021dcc     Encoder.obj
 0003:00000de0       ??_C@_0BI@CFPLBAOH@invalid?5string?5position?$AA@ 10021de0     Encoder.obj
 0003:00000dfc       ??_C@_1CK@EOPGIILJ@?$AAi?$AAn?$AAv?$AAa?$AAl?$AAi?$AAd?$AA?5?$AAn?$AAu?$AAl?$AAl?$AA?5?$AAp?$AAo?$AAi?$AAn?$AAt?$AAe?$AAr?$AA?$AA@ 10021dfc     Encoder.obj
 0003:00000e34       ??_7CRtspOnline@@6B@       10021e34     CRtspOnline.obj
 0003:00000e40       ??_C@_04CHBKCDHJ@rtsp?$AA@ 10021e40     CRtspOnline.obj
 0003:00000e48       ??_C@_0BG@DNDNFPCK@rtp?3?1?1127?40?40?41?349990?$AA@ 10021e48     CRtspOnline.obj
 0003:00000e64       ??_C@_03GDEKPBIO@rtp?$AA@  10021e64     CRtspOnline.obj
 0003:00000e68       ??_C@_08LMPEDHMO@sdp?3?6?$CFs?6?$AA@ 10021e68     CRtspOnline.obj
 0003:00000e74       ??_C@_01NOFIACDB@w?$AA@    10021e74     CRtspOnline.obj
 0003:00000e78       ??_C@_08GBLNGCL@test?4sdp?$AA@ 10021e78     CRtspOnline.obj
 0003:00000e84       ??_C@_02DKCKIIND@?$CFs?$AA@ 10021e84     CRtspOnline.obj
 0003:00000e88       ??_C@_05DIAHPDGL@PAUSE?$AA@ 10021e88     CRtspOnline.obj
 0003:00000e90       ??_C@_0CI@BDLAOELG@start?5?5D?3?2VideoLAN?2VLC?2vlc?4exe?5t@ 10021e90     CRtspOnline.obj
 0003:00000ec0       ??_C@_0CN@HCFFJHBF@input?5stream?5not?5found?5with?5stre@ 10021ec0     CRtspOnline.obj
 0003:00000ef8       ??_C@_0CN@JDFKKIOE@updating?5packet?5stream?5index?5to?5@ 10021ef8     CRtspOnline.obj
 0003:00000f30       ??_C@_0CO@FNLHLAKO@output?5stream?5not?5found?5with?5str@ 10021f30     CRtspOnline.obj
 0003:00000f68       ??_C@_0FO@NGGKDPGM@Warning?3?5Non?9monotonous?5DTS?5in?5i@ 10021f68     CRtspOnline.obj
 0003:00000fdc       ??_7CRtspRecorder@@6B@     10021fdc     CRtspRecorder.obj
 0003:00000fe8       ??_C@_03PICMJEJK@mp4?$AA@  10021fe8     CRtspRecorder.obj
 0003:00000fec       ?value@?$integral_constant@_N$0A@@std@@2_NB 10021fec     MSVCRTD:ti_inst.obj
 0003:00000fed       ?value@?$integral_constant@_N$00@std@@2_NB 10021fed     MSVCRTD:ti_inst.obj
 0003:00000ff4       ??_7type_info@@6B@         10021ff4     MSVCRTD:ti_inst.obj
 0003:00001000       ??_C@_1MC@KPMPFEII@?$AA?$CI?$AA_?$AA_?$AAo?$AAn?$AAe?$AAx?$AAi?$AAt?$AAb?$AAe?$AAg?$AAi?$AAn?$AA?5?$AA?$CB?$AA?$DN?$AA?5?$AAN?$AAU?$AAL?$AAL?$AA?5?$AA?$CG?$AA?$CG?$AA?5?$AA_?$AA_?$AAo?$AAn?$AAe?$AAx@ 10022000     MSVCRTD:atonexit.obj
 0003:000010e8       ??_C@_15GANGMFKL@?$AA?$CF?$AAs?$AA?$AA@ 100220e8     MSVCRTD:atonexit.obj
 0003:000010f0       ??_C@_1FK@IGIDCAPD@?$AAf?$AA?3?$AA?2?$AAd?$AAd?$AA?2?$AAv?$AAc?$AAt?$AAo?$AAo?$AAl?$AAs?$AA?2?$AAc?$AAr?$AAt?$AA?2?$AAc?$AAr?$AAt?$AAw?$AA3?$AA2?$AA?2?$AAd?$AAl?$AAl?$AAs?$AAt?$AAu?$AAf@ 100220f0     MSVCRTD:atonexit.obj
 0003:0000115c       ??_C@_0CN@LMJJPMEG@f?3?2dd?2vctools?2crt?2crtw32?2dllstuf@ 1002215c     MSVCRTD:atonexit.obj
 0003:00001194       __pDefaultRawDllMain       10022194     MSVCRTD:crtdll.obj
 0003:00001194       __pRawDllMain              10022194     MSVCRTD:crtdll.obj
 0003:00001198       ??_C@_0CL@CCAGLLEM@f?3?2dd?2vctools?2crt?2crtw32?2dllstuf@ 10022198     MSVCRTD:crtdll.obj
 0003:00001288       ??_C@_0NN@NGPKDKPD@The?5value?5of?5ESP?5was?5not?5properl@ 10022288     MSVCRTD:error.obj
 0003:00001398       ??_C@_0BBN@GPMLNJCF@A?5cast?5to?5a?5smaller?5data?5type?5ha@ 10022398     MSVCRTD:error.obj
 0003:000014f0       ??_C@_0BN@FFOINMNJ@Stack?5memory?5was?5corrupted?6?$AN?$AA@ 100224f0     MSVCRTD:error.obj
 0003:00001514       ??_C@_0DG@HKJMLLLP@A?5local?5variable?5was?5used?5before@ 10022514     MSVCRTD:error.obj
 0003:00001554       ??_C@_0CM@NGINOKPC@Stack?5memory?5around?5_alloca?5was?5@ 10022554     MSVCRTD:error.obj
 0003:00001588       ??_C@_0BO@GNIAFIKK@Unknown?5Runtime?5Check?5Error?6?$AN?$AA@ 10022588     MSVCRTD:error.obj
 0003:000015b0       ??_C@_1GM@OLMCBDMB@?$AAR?$AAu?$AAn?$AAt?$AAi?$AAm?$AAe?$AA?5?$AAC?$AAh?$AAe?$AAc?$AAk?$AA?5?$AAE?$AAr?$AAr?$AAo?$AAr?$AA?4?$AA?6?$AA?$AN?$AA?5?$AAU?$AAn?$AAa?$AAb?$AAl?$AAe?$AA?5?$AAt?$AAo@ 100225b0     MSVCRTD:error.obj
 0003:00001638       ??_C@_1EA@NFKNIFJP@?$AAR?$AAu?$AAn?$AA?9?$AAT?$AAi?$AAm?$AAe?$AA?5?$AAC?$AAh?$AAe?$AAc?$AAk?$AA?5?$AAF?$AAa?$AAi?$AAl?$AAu?$AAr?$AAe?$AA?5?$AA?$CD?$AA?$CF?$AAd?$AA?5?$AA?9?$AA?5?$AA?$CF?$AAs?$AA?$AA@ 10022638     MSVCRTD:error.obj
 0003:00001684       ??_C@_0BB@PFFGGCJP@Unknown?5Filename?$AA@ 10022684     MSVCRTD:error.obj
 0003:00001698       ??_C@_0BE@GNBOBNCK@Unknown?5Module?5Name?$AA@ 10022698     MSVCRTD:error.obj
 0003:000016b0       ??_C@_0CA@IODNCDPG@Run?9Time?5Check?5Failure?5?$CD?$CFd?5?9?5?$CFs?$AA@ 100226b0     MSVCRTD:error.obj
 0003:000016d8       ??_C@_0CG@IAFNJNEE@Stack?5corrupted?5near?5unknown?5var@ 100226d8     MSVCRTD:error.obj
 0003:00001708       ??_C@_05MKKEDADM@?$CF?42X?5?$AA@ 10022708     MSVCRTD:error.obj
 0003:00001710       ??_C@_1BG@OILDLIOJ@?$AAu?$AAs?$AAe?$AAr?$AA3?$AA2?$AA?4?$AAd?$AAl?$AAl?$AA?$AA@ 10022710     MSVCRTD:error.obj
 0003:0000172c       ??_C@_09FOPFMPEJ@wsprintfA?$AA@ 1002272c     MSVCRTD:error.obj
 0003:00001738       ??_C@_0EJ@LJKNEOLN@Stack?5area?5around?5_alloca?5memory@ 10022738     MSVCRTD:error.obj
 0003:00001790       ??_C@_08OMAHNMHJ@?6Data?3?5?$DM?$AA@ 10022790     MSVCRTD:error.obj
 0003:0000179c       ??_C@_0CK@DKGBICFE@?6Allocation?5number?5within?5this?5f@ 1002279c     MSVCRTD:error.obj
 0003:000017d0       ??_C@_07DFDJCKFN@?6Size?3?5?$AA@ 100227d0     MSVCRTD:error.obj
 0003:000017dc       ??_C@_0N@MHFFIMFG@?6Address?3?50x?$AA@ 100227dc     MSVCRTD:error.obj
 0003:000017f0       ??_C@_0EI@CLEPFNGI@Stack?5area?5around?5_alloca?5memory@ 100227f0     MSVCRTD:error.obj
 0003:00001848       ??_C@_0BC@KIBAILCI@?$CFs?$CFs?$CFp?$CFs?$CFld?$CFs?$CFd?$CFs?$AA@ 10022848     MSVCRTD:error.obj
 0003:00001860       ??_C@_02LLMPMKNF@?$DO?5?$AA@ 10022860     MSVCRTD:error.obj
 0003:00001864       ??_C@_08KJEDNCKC@?$CFs?$CFs?$CFs?$CFs?$AA@ 10022864     MSVCRTD:error.obj
 0003:00001870       ??_C@_0DE@OHJBPMBP@A?5variable?5is?5being?5used?5without@ 10022870     MSVCRTD:error.obj
 0003:000018c8       ??_C@_0BJ@HEGAHDFO@Stack?5pointer?5corruption?$AA@ 100228c8     MSVCRTD:userapi.obj
 0003:000018e8       ??_C@_0CK@FEGOIOPB@Cast?5to?5smaller?5type?5causing?5los@ 100228e8     MSVCRTD:userapi.obj
 0003:0000191c       ??_C@_0BI@CIGMDCBH@Stack?5memory?5corruption?$AA@ 1002291c     MSVCRTD:userapi.obj
 0003:00001938       ??_C@_0CK@CNLNOEPB@Local?5variable?5used?5before?5initi@ 10022938     MSVCRTD:userapi.obj
 0003:0000196c       ??_C@_0BP@OGBCLIBO@Stack?5around?5_alloca?5corrupted?$AA@ 1002296c     MSVCRTD:userapi.obj
 0003:000019a0       ?ProcessDetach@NativeDll@<CrtImplementationDetails>@@0IB 100229a0     MSVCRTD:initsect.obj
 0003:000019a4       ?ProcessAttach@NativeDll@<CrtImplementationDetails>@@0IB 100229a4     MSVCRTD:initsect.obj
 0003:000019a8       ?ThreadAttach@NativeDll@<CrtImplementationDetails>@@0IB 100229a8     MSVCRTD:initsect.obj
 0003:000019ac       ?ThreadDetach@NativeDll@<CrtImplementationDetails>@@0IB 100229ac     MSVCRTD:initsect.obj
 0003:000019b0       ?ProcessVerifier@NativeDll@<CrtImplementationDetails>@@0IB 100229b0     MSVCRTD:initsect.obj
 0003:00001a00       ?LocalIdBitWidth@CrossScopeId@CodeViewInfo@@2IB 10022a00     MSVCRTD:pdblkup.obj
 0003:00001a04       ?IdScopeBitWidth@CrossScopeId@CodeViewInfo@@2IB 10022a04     MSVCRTD:pdblkup.obj
 0003:00001a08       ?StartCrossScopeId@CrossScopeId@CodeViewInfo@@2IB 10022a08     MSVCRTD:pdblkup.obj
 0003:00001a0c       ?LocalIdMask@CrossScopeId@CodeViewInfo@@2IB 10022a0c     MSVCRTD:pdblkup.obj
 0003:00001a10       ?ScopeIdMask@CrossScopeId@CodeViewInfo@@2IB 10022a10     MSVCRTD:pdblkup.obj
 0003:00001a14       ?MaxLocalId@CrossScopeId@CodeViewInfo@@2IB 10022a14     MSVCRTD:pdblkup.obj
 0003:00001a18       ?MaxScopeId@CrossScopeId@CodeViewInfo@@2IB 10022a18     MSVCRTD:pdblkup.obj
 0003:00001a1c       ??_C@_1BK@GAEMIDIL@?$AAA?$AAD?$AAV?$AAA?$AAP?$AAI?$AA3?$AA2?$AA?4?$AAD?$AAL?$AAL?$AA?$AA@ 10022a1c     MSVCRTD:pdblkup.obj
 0003:00001a3c       ??_C@_0O@COHOBMLB@RegOpenKeyExW?$AA@ 10022a3c     MSVCRTD:pdblkup.obj
 0003:00001a4c       ??_C@_0BB@GLNAEDBD@RegQueryValueExW?$AA@ 10022a4c     MSVCRTD:pdblkup.obj
 0003:00001a60       ??_C@_0M@HLOHPNFA@RegCloseKey?$AA@ 10022a60     MSVCRTD:pdblkup.obj
 0003:00001a70       ??_C@_1FM@EGIBBNPP@?$AAS?$AAO?$AAF?$AAT?$AAW?$AAA?$AAR?$AAE?$AA?2?$AAM?$AAi?$AAc?$AAr?$AAo?$AAs?$AAo?$AAf?$AAt?$AA?2?$AAV?$AAi?$AAs?$AAu?$AAa?$AAl?$AAS?$AAt?$AAu?$AAd?$AAi?$AAo?$AA?2@ 10022a70     MSVCRTD:pdblkup.obj
 0003:00001ae0       ??_C@_1BG@EABPBLLF@?$AAP?$AAr?$AAo?$AAd?$AAu?$AAc?$AAt?$AAD?$AAi?$AAr?$AA?$AA@ 10022ae0     MSVCRTD:pdblkup.obj
 0003:00001b20       ??_C@_1BC@EOIMGOME@?$AAM?$AAS?$AAP?$AAD?$AAB?$AA1?$AA2?$AA0?$AA?$AA@ 10022b20     MSVCRTD:pdblkup.obj
 0003:00001b38       ??_C@_0BB@KCIACLNC@PDBOpenValidate5?$AA@ 10022b38     MSVCRTD:pdblkup.obj
 0003:00001b4c       ??_C@_01KDCPPGHE@r?$AA@    10022b4c     MSVCRTD:pdblkup.obj
 0003:00001b50       __load_config_used         10022b50     MSVCRTD:loadcfg.obj
 0003:00001ea8       ??_R4CBaseRtsp@@6B@        10022ea8     CBaseRtsp.obj
 0003:00001ec0       ??_R3CBaseRtsp@@8          10022ec0     CBaseRtsp.obj
 0003:00001ed4       ??_R2CBaseRtsp@@8          10022ed4     CBaseRtsp.obj
 0003:00001edc       ??_R1A@?0A@EA@CBaseRtsp@@8 10022edc     CBaseRtsp.obj
 0003:00001f00       ??_R4error_category@std@@6B@ 10022f00     Encoder.obj
 0003:00001f18       ??_R3error_category@std@@8 10022f18     Encoder.obj
 0003:00001f2c       ??_R2error_category@std@@8 10022f2c     Encoder.obj
 0003:00001f34       ??_R1A@?0A@EA@error_category@std@@8 10022f34     Encoder.obj
 0003:00001f58       ??_R4_Generic_error_category@std@@6B@ 10022f58     Encoder.obj
 0003:00001f70       ??_R3_Generic_error_category@std@@8 10022f70     Encoder.obj
 0003:00001f84       ??_R2_Generic_error_category@std@@8 10022f84     Encoder.obj
 0003:00001f90       ??_R1A@?0A@EA@_Generic_error_category@std@@8 10022f90     Encoder.obj
 0003:00001fb4       ??_R4_Iostream_error_category@std@@6B@ 10022fb4     Encoder.obj
 0003:00001fcc       ??_R3_Iostream_error_category@std@@8 10022fcc     Encoder.obj
 0003:00001fe0       ??_R2_Iostream_error_category@std@@8 10022fe0     Encoder.obj
 0003:00001ff0       ??_R1A@?0A@EA@_Iostream_error_category@std@@8 10022ff0     Encoder.obj
 0003:00002014       ??_R4_System_error_category@std@@6B@ 10023014     Encoder.obj
 0003:0000202c       ??_R3_System_error_category@std@@8 1002302c     Encoder.obj
 0003:00002040       ??_R2_System_error_category@std@@8 10023040     Encoder.obj
 0003:00002050       ??_R1A@?0A@EA@_System_error_category@std@@8 10023050     Encoder.obj
 0003:00002074       ??_R4CRtspOnline@@6B@      10023074     CRtspOnline.obj
 0003:0000208c       ??_R3CRtspOnline@@8        1002308c     CRtspOnline.obj
 0003:000020a0       ??_R2CRtspOnline@@8        100230a0     CRtspOnline.obj
 0003:000020ac       ??_R1A@?0A@EA@CRtspOnline@@8 100230ac     CRtspOnline.obj
 0003:000020d0       ??_R4CRtspRecorder@@6B@    100230d0     CRtspRecorder.obj
 0003:000020e8       ??_R3CRtspRecorder@@8      100230e8     CRtspRecorder.obj
 0003:000020fc       ??_R2CRtspRecorder@@8      100230fc     CRtspRecorder.obj
 0003:00002108       ??_R1A@?0A@EA@CRtspRecorder@@8 10023108     CRtspRecorder.obj
 0003:0000212c       ??_R4type_info@@6B@        1002312c     MSVCRTD:ti_inst.obj
 0003:00002144       ??_R3type_info@@8          10023144     MSVCRTD:ti_inst.obj
 0003:00002158       ??_R2type_info@@8          10023158     MSVCRTD:ti_inst.obj
 0003:00002160       ??_R1A@?0A@EA@type_info@@8 10023160     MSVCRTD:ti_inst.obj
 0003:00002294       ___rtc_iaa                 10023294     MSVCRTD:initsect.obj
 0003:000024b0       ___rtc_izz                 100234b0     MSVCRTD:initsect.obj
 0003:000025b4       ___rtc_taa                 100235b4     MSVCRTD:initsect.obj
 0003:000027d0       ___rtc_tzz                 100237d0     MSVCRTD:initsect.obj
 0004:00000000       ___security_cookie         10024000     MSVCRTD:gs_cookie.obj
 0004:00000004       ___security_cookie_complement 10024004     MSVCRTD:gs_cookie.obj
 0004:00000010       ?_RTC_ErrorLevels@@3PAHA   10024010     MSVCRTD:error.obj
 0004:00000028       ___native_dllmain_reason   10024028     MSVCRTD:natstart.obj
 0004:00000130       ??_R0?AVCBaseRtsp@@@8      10024130     CBaseRtsp.obj
 0004:0000014c       ??_R0?AVerror_category@std@@@8 1002414c     Encoder.obj
 0004:00000174       ??_R0?AV_Generic_error_category@std@@@8 10024174     Encoder.obj
 0004:000001a8       ??_R0?AV_Iostream_error_category@std@@@8 100241a8     Encoder.obj
 0004:000001dc       ??_R0?AV_System_error_category@std@@@8 100241dc     Encoder.obj
 0004:00000210       ??_R0?AVCRtspOnline@@@8    10024210     CRtspOnline.obj
 0004:00000230       ??_R0?AVCRtspRecorder@@@8  10024230     CRtspRecorder.obj
 0004:00000254       ??_R0?AVtype_info@@@8      10024254     MSVCRTD:ti_inst.obj
 0004:0000037c       ?_Generic_object@?$_Error_objects@H@std@@2V_Generic_error_category@2@A 1002437c     Encoder.obj
 0004:00000380       ?_Iostream_object@?$_Error_objects@H@std@@2V_Iostream_error_category@2@A 10024380     Encoder.obj
 0004:00000384       ?_System_object@?$_Error_objects@H@std@@2V_System_error_category@2@A 10024384     Encoder.obj
 0004:00000390       ?wsprintffp@@3P6AHPADPBDZZA 10024390     MSVCRTD:error.obj
 0004:00000760       ?__type_info_root_node@@3U__type_info_node@@A 10024760     MSVCRTD:tncleanup.obj
 0004:00000774       ___native_startup_lock     10024774     <common>
 0004:00000784       ___native_startup_state    10024784     <common>
 0004:00000788       ___dyn_tls_init_callback   10024788     <common>
 0004:00000794       ___onexitend               10024794     <common>
 0004:000007a4       ___onexitbegin             100247a4     <common>
 0005:00000000       __imp__GetModuleHandleW@4  10025000     kernel32:KERNEL32.dll
 0005:00000004       __imp__GetModuleFileNameW@12 10025004     kernel32:KERNEL32.dll
 0005:00000008       __imp__FreeLibrary@4       10025008     kernel32:KERNEL32.dll
 0005:0000000c       __imp__VirtualQuery@12     1002500c     kernel32:KERNEL32.dll
 0005:00000010       __imp__GetProcessHeap@0    10025010     kernel32:KERNEL32.dll
 0005:00000014       __imp__HeapFree@12         10025014     kernel32:KERNEL32.dll
 0005:00000018       __imp__HeapAlloc@12        10025018     kernel32:KERNEL32.dll
 0005:0000001c       __imp__DisableThreadLibraryCalls@4 1002501c     kernel32:KERNEL32.dll
 0005:00000020       __imp__GetSystemTimeAsFileTime@4 10025020     kernel32:KERNEL32.dll
 0005:00000024       __imp__GetCurrentThreadId@0 10025024     kernel32:KERNEL32.dll
 0005:00000028       __imp__GetCurrentProcessId@0 10025028     kernel32:KERNEL32.dll
 0005:0000002c       __imp__QueryPerformanceCounter@4 1002502c     kernel32:KERNEL32.dll
 0005:00000030       __imp__IsProcessorFeaturePresent@4 10025030     kernel32:KERNEL32.dll
 0005:00000034       __imp__WideCharToMultiByte@32 10025034     kernel32:KERNEL32.dll
 0005:00000038       __imp__MultiByteToWideChar@24 10025038     kernel32:KERNEL32.dll
 0005:0000003c       __imp__LoadLibraryExW@12   1002503c     kernel32:KERNEL32.dll
 0005:00000040       __imp__GetProcAddress@8    10025040     kernel32:KERNEL32.dll
 0005:00000044       __imp__GetLastError@0      10025044     kernel32:KERNEL32.dll
 0005:00000048       __imp__RaiseException@16   10025048     kernel32:KERNEL32.dll
 0005:0000004c       __imp__IsDebuggerPresent@0 1002504c     kernel32:KERNEL32.dll
 0005:00000050       __imp__DecodePointer@4     10025050     kernel32:KERNEL32.dll
 0005:00000054       __imp__EncodePointer@4     10025054     kernel32:KERNEL32.dll
 0005:00000058       \177KERNEL32_NULL_THUNK_DATA 10025058     kernel32:KERNEL32.dll
 0005:00000094       __imp_?cout@std@@3V?$basic_ostream@DU?$char_traits@D@std@@@1@A 10025094     msvcprtd:MSVCP120D.dll
 0005:00000098       __imp_?flush@?$basic_ostream@DU?$char_traits@D@std@@@std@@QAEAAV12@XZ 10025098     msvcprtd:MSVCP120D.dll
 0005:0000009c       __imp_?put@?$basic_ostream@DU?$char_traits@D@std@@@std@@QAEAAV12@D@Z 1002509c     msvcprtd:MSVCP120D.dll
 0005:000000a0       __imp_??6?$basic_ostream@DU?$char_traits@D@std@@@std@@QAEAAV01@P6AAAV01@AAV01@@Z@Z 100250a0     msvcprtd:MSVCP120D.dll
 0005:000000a4       __imp_?_Osfx@?$basic_ostream@DU?$char_traits@D@std@@@std@@QAEXXZ 100250a4     msvcprtd:MSVCP120D.dll
 0005:000000a8       __imp_?widen@?$basic_ios@DU?$char_traits@D@std@@@std@@QBEDD@Z 100250a8     msvcprtd:MSVCP120D.dll
 0005:000000ac       __imp_?fill@?$basic_ios@DU?$char_traits@D@std@@@std@@QBEDXZ 100250ac     msvcprtd:MSVCP120D.dll
 0005:000000b0       __imp_?rdbuf@?$basic_ios@DU?$char_traits@D@std@@@std@@QBEPAV?$basic_streambuf@DU?$char_traits@D@std@@@2@XZ 100250b0     msvcprtd:MSVCP120D.dll
 0005:000000b4       __imp_?tie@?$basic_ios@DU?$char_traits@D@std@@@std@@QBEPAV?$basic_ostream@DU?$char_traits@D@std@@@2@XZ 100250b4     msvcprtd:MSVCP120D.dll
 0005:000000b8       __imp_?setstate@?$basic_ios@DU?$char_traits@D@std@@@std@@QAEXH_N@Z 100250b8     msvcprtd:MSVCP120D.dll
 0005:000000bc       __imp_?sputn@?$basic_streambuf@DU?$char_traits@D@std@@@std@@QAE_JPBD_J@Z 100250bc     msvcprtd:MSVCP120D.dll
 0005:000000c0       __imp_?sputc@?$basic_streambuf@DU?$char_traits@D@std@@@std@@QAEHD@Z 100250c0     msvcprtd:MSVCP120D.dll
 0005:000000c4       __imp_?width@ios_base@std@@QAE_J_J@Z 100250c4     msvcprtd:MSVCP120D.dll
 0005:000000c8       __imp_?width@ios_base@std@@QBE_JXZ 100250c8     msvcprtd:MSVCP120D.dll
 0005:000000cc       __imp_?flags@ios_base@std@@QBEHXZ 100250cc     msvcprtd:MSVCP120D.dll
 0005:000000d0       __imp_?good@ios_base@std@@QBE_NXZ 100250d0     msvcprtd:MSVCP120D.dll
 0005:000000d4       __imp_?_Winerror_map@std@@YAPBDH@Z 100250d4     msvcprtd:MSVCP120D.dll
 0005:000000d8       __imp_?_Syserror_map@std@@YAPBDH@Z 100250d8     msvcprtd:MSVCP120D.dll
 0005:000000dc       __imp_?_Xout_of_range@std@@YAXPBD@Z 100250dc     msvcprtd:MSVCP120D.dll
 0005:000000e0       __imp_?_Xlength_error@std@@YAXPBD@Z 100250e0     msvcprtd:MSVCP120D.dll
 0005:000000e4       __imp_?_Xbad_alloc@std@@YAXXZ 100250e4     msvcprtd:MSVCP120D.dll
 0005:000000e8       __imp_?_Orphan_all@_Container_base12@std@@QAEXXZ 100250e8     msvcprtd:MSVCP120D.dll
 0005:000000ec       __imp_??1_Container_base12@std@@QAE@XZ 100250ec     msvcprtd:MSVCP120D.dll
 0005:000000f0       __imp_??0_Container_base12@std@@QAE@XZ 100250f0     msvcprtd:MSVCP120D.dll
 0005:000000f4       __imp_?_Debug_message@std@@YAXPB_W0I@Z 100250f4     msvcprtd:MSVCP120D.dll
 0005:000000f8       __imp_?uncaught_exception@std@@YA_NXZ 100250f8     msvcprtd:MSVCP120D.dll
 0005:000000fc       \177MSVCP120D_NULL_THUNK_DATA 100250fc     msvcprtd:MSVCP120D.dll
 0005:0000013c       __imp___wsplitpath_s       1002513c     MSVCRTD:MSVCR120D.dll
 0005:00000140       __imp___purecall           10025140     MSVCRTD:MSVCR120D.dll
 0005:00000144       __imp_??2@YAPAXI@Z         10025144     MSVCRTD:MSVCR120D.dll
 0005:00000148       __imp_??3@YAXPAX@Z         10025148     MSVCRTD:MSVCR120D.dll
 0005:0000014c       __imp___errno              1002514c     MSVCRTD:MSVCR120D.dll
 0005:00000150       __imp__printf              10025150     MSVCRTD:MSVCR120D.dll
 0005:00000154       __imp__calloc              10025154     MSVCRTD:MSVCR120D.dll
 0005:00000158       __imp__free                10025158     MSVCRTD:MSVCR120D.dll
 0005:0000015c       __imp__memset              1002515c     MSVCRTD:MSVCR120D.dll
 0005:00000160       __imp__strlen              10025160     MSVCRTD:MSVCR120D.dll
 0005:00000164       __imp__strerror            10025164     MSVCRTD:MSVCR120D.dll
 0005:00000168       __imp____iob_func          10025168     MSVCRTD:MSVCR120D.dll
 0005:0000016c       __imp__fclose              1002516c     MSVCRTD:MSVCR120D.dll
 0005:00000170       __imp__fflush              10025170     MSVCRTD:MSVCR120D.dll
 0005:00000174       __imp__fopen               10025174     MSVCRTD:MSVCR120D.dll
 0005:00000178       __imp__fprintf             10025178     MSVCRTD:MSVCR120D.dll
 0005:0000017c       __imp__fwrite              1002517c     MSVCRTD:MSVCR120D.dll
 0005:00000180       __imp___hypot              10025180     MSVCRTD:MSVCR120D.dll
 0005:00000184       __imp__exit                10025184     MSVCRTD:MSVCR120D.dll
 0005:00000188       __imp__memcpy              10025188     MSVCRTD:MSVCR120D.dll
 0005:0000018c       __imp__memmove             1002518c     MSVCRTD:MSVCR120D.dll
 0005:00000190       __imp___CxxThrowException@8 10025190     MSVCRTD:MSVCR120D.dll
 0005:00000194       __imp____CxxFrameHandler3  10025194     MSVCRTD:MSVCR120D.dll
 0005:00000198       __imp__fopen_s             10025198     MSVCRTD:MSVCR120D.dll
 0005:0000019c       __imp__system              1002519c     MSVCRTD:MSVCR120D.dll
 0005:000001a0       __imp___CRT_RTC_INITW      100251a0     MSVCRTD:MSVCR120D.dll
 0005:000001a4       __imp_??1type_info@@UAE@XZ 100251a4     MSVCRTD:MSVCR120D.dll
 0005:000001a8       __imp___lock               100251a8     MSVCRTD:MSVCR120D.dll
 0005:000001ac       __imp___unlock             100251ac     MSVCRTD:MSVCR120D.dll
 0005:000001b0       __imp___CrtDbgReportW      100251b0     MSVCRTD:MSVCR120D.dll
 0005:000001b4       __imp___calloc_dbg         100251b4     MSVCRTD:MSVCR120D.dll
 0005:000001b8       __imp____dllonexit         100251b8     MSVCRTD:MSVCR120D.dll
 0005:000001bc       __imp___onexit             100251bc     MSVCRTD:MSVCR120D.dll
 0005:000001c0       __imp____CppXcptFilter     100251c0     MSVCRTD:MSVCR120D.dll
 0005:000001c4       __imp___amsg_exit          100251c4     MSVCRTD:MSVCR120D.dll
 0005:000001c8       __imp___malloc_dbg         100251c8     MSVCRTD:MSVCR120D.dll
 0005:000001cc       __imp___free_dbg           100251cc     MSVCRTD:MSVCR120D.dll
 0005:000001d0       __imp___CrtSetCheckCount   100251d0     MSVCRTD:MSVCR120D.dll
 0005:000001d4       __imp___initterm           100251d4     MSVCRTD:MSVCR120D.dll
 0005:000001d8       __imp___initterm_e         100251d8     MSVCRTD:MSVCR120D.dll
 0005:000001dc       __imp_?terminate@@YAXXZ    100251dc     MSVCRTD:MSVCR120D.dll
 0005:000001e0       __imp___except_handler4_common 100251e0     MSVCRTD:MSVCR120D.dll
 0005:000001e4       __imp___crt_debugger_hook  100251e4     MSVCRTD:MSVCR120D.dll
 0005:000001e8       __imp____crtUnhandledException 100251e8     MSVCRTD:MSVCR120D.dll
 0005:000001ec       __imp____crtTerminateProcess 100251ec     MSVCRTD:MSVCR120D.dll
 0005:000001f0       __imp____clean_type_info_names_internal 100251f0     MSVCRTD:MSVCR120D.dll
 0005:000001f4       __imp__wcscpy_s            100251f4     MSVCRTD:MSVCR120D.dll
 0005:000001f8       __imp___wmakepath_s        100251f8     MSVCRTD:MSVCR120D.dll
 0005:000001fc       \177MSVCR120D_NULL_THUNK_DATA 100251fc     MSVCRTD:MSVCR120D.dll
 0005:0000024c       __imp__av_dump_format      1002524c     avformat:dakqcs00008.o
 0005:00000250       __imp__av_find_input_format 10025250     avformat:dakqcs00012.o
 0005:00000254       __imp__av_guess_format     10025254     avformat:dakqcs00039.o
 0005:00000258       __imp__av_interleaved_write_frame 10025258     avformat:dakqcs00046.o
 0005:0000025c       __imp__av_read_frame       1002525c     avformat:dakqcs00060.o
 0005:00000260       __imp__av_sdp_create       10025260     avformat:dakqcs00066.o
 0005:00000264       __imp__av_write_frame      10025264     avformat:dakqcs00079.o
 0005:00000268       __imp__av_write_trailer    10025268     avformat:dakqcs00080.o
 0005:0000026c       __imp__avformat_alloc_context 1002526c     avformat:dakqcs00083.o
 0005:00000270       __imp__avformat_alloc_output_context2 10025270     avformat:dakqcs00084.o
 0005:00000274       __imp__avformat_close_input 10025274     avformat:dakqcs00085.o
 0005:00000278       __imp__avformat_find_stream_info 10025278     avformat:dakqcs00087.o
 0005:0000027c       __imp__avformat_free_context 1002527c     avformat:dakqcs00089.o
 0005:00000280       __imp__avformat_network_init 10025280     avformat:dakqcs00099.o
 0005:00000284       __imp__avformat_new_stream 10025284     avformat:dakqcs00100.o
 0005:00000288       __imp__avformat_open_input 10025288     avformat:dakqcs00101.o
 0005:0000028c       __imp__avformat_write_header 1002528c     avformat:dakqcs00107.o
 0005:00000290       __imp__avio_close          10025290     avformat:dakqcs00111.o
 0005:00000294       __imp__avio_closep         10025294     avformat:dakqcs00114.o
 0005:00000298       __imp__avio_open           10025298     avformat:dakqcs00126.o
 0005:000002a0       __imp__av_free_packet      100252a0     avcodec:dcfqcs00057.o
 0005:000002a4       __imp__av_init_packet      100252a4     avcodec:dcfqcs00069.o
 0005:000002a8       __imp__av_packet_alloc     100252a8     avcodec:dcfqcs00082.o
 0005:000002ac       __imp__av_packet_free      100252ac     avcodec:dcfqcs00085.o
 0005:000002b0       __imp__av_packet_rescale_ts 100252b0     avcodec:dcfqcs00096.o
 0005:000002b4       __imp__av_packet_unref     100252b4     avcodec:dcfqcs00101.o
 0005:000002b8       __imp__avcodec_alloc_context3 100252b8     avcodec:dcfqcs00127.o
 0005:000002bc       __imp__avcodec_close       100252bc     avcodec:dcfqcs00129.o
 0005:000002c0       __imp__avcodec_encode_video2 100252c0     avcodec:dcfqcs00147.o
 0005:000002c4       __imp__avcodec_find_encoder 100252c4     avcodec:dcfqcs00155.o
 0005:000002c8       __imp__avcodec_open2       100252c8     avcodec:dcfqcs00171.o
 0005:000002cc       __imp__avcodec_parameters_copy 100252cc     avcodec:dcfqcs00173.o
 0005:000002d4       __imp__av_dict_free        100252d4     avutil:dyyocs00106.o
 0005:000002d8       __imp__av_dict_set         100252d8     avutil:dyyocs00110.o
 0005:000002dc       __imp__av_dict_set_int     100252dc     avutil:dyyocs00111.o
 0005:000002e0       __imp__av_frame_alloc      100252e0     avutil:dyyocs00161.o
 0005:000002e4       __imp__av_frame_free       100252e4     avutil:dyyocs00166.o
 0005:000002e8       __imp__av_frame_make_writable 100252e8     avutil:dyyocs00183.o
 0005:000002ec       __imp__av_free             100252ec     avutil:dyyocs00203.o
 0005:000002f0       __imp__av_freep            100252f0     avutil:dyyocs00204.o
 0005:000002f4       __imp__av_image_alloc      100252f4     avutil:dyyocs00274.o
 0005:000002f8       __imp__av_opt_set          100252f8     avutil:dyyocs00364.o
 0005:000002fc       __imp__av_rescale_q        100252fc     avutil:dyyocs00408.o
 0005:00000300       __imp__av_rescale_q_rnd    10025300     avutil:dyyocs00409.o
 0005:00000304       __imp__av_strerror         10025304     avutil:dyyocs00447.o
 0005:0000030c       __head_libavformat_avformat_lib 1002530c     avformat:dakqch.o
 0005:00000320       __head_libavcodec_avcodec_lib 10025320     avcodec:dcfqch.o
 0005:00000334       __head_libavutil_avutil_lib 10025334     avutil:dyyoch.o
 0005:00000348       __IMPORT_DESCRIPTOR_MSVCR120D 10025348     MSVCRTD:MSVCR120D.dll
 0005:0000035c       __IMPORT_DESCRIPTOR_MSVCP120D 1002535c     msvcprtd:MSVCP120D.dll
 0005:00000370       __IMPORT_DESCRIPTOR_KERNEL32 10025370     kernel32:KERNEL32.dll
 0005:00000384       __NULL_IMPORT_DESCRIPTOR   10025384     MSVCRTD:MSVCR120D.dll
 0005:00001674       __libavformat_avformat_lib_iname 10026674     avformat:dakqct.o
 0005:000016b4       __libavcodec_avcodec_lib_iname 100266b4     avcodec:dcfqct.o
 0005:000016f8       __libavutil_avutil_lib_iname 100266f8     avutil:dyyoct.o
